Archive member included to satisfy reference by file (symbol)

/usr/lib/gcc/arm-none-eabi/12.2.0/../../../../arm-none-eabi/lib/thumb/v7-m/nofp/libg.a(lib_a-atexit.o)
                              /usr/lib/gcc/arm-none-eabi/12.2.0/../../../../arm-none-eabi/lib/thumb/v7-m/nofp/crt0.o (atexit)
/usr/lib/gcc/arm-none-eabi/12.2.0/../../../../arm-none-eabi/lib/thumb/v7-m/nofp/libg.a(lib_a-errno.o)
                              CMakeFiles/stm32_bat_ctrl.elf.dir/Core/Src/syscalls.c.obj (__errno)
/usr/lib/gcc/arm-none-eabi/12.2.0/../../../../arm-none-eabi/lib/thumb/v7-m/nofp/libg.a(lib_a-exit.o)
                              /usr/lib/gcc/arm-none-eabi/12.2.0/../../../../arm-none-eabi/lib/thumb/v7-m/nofp/crt0.o (exit)
/usr/lib/gcc/arm-none-eabi/12.2.0/../../../../arm-none-eabi/lib/thumb/v7-m/nofp/libg.a(lib_a-fini.o)
                              /usr/lib/gcc/arm-none-eabi/12.2.0/../../../../arm-none-eabi/lib/thumb/v7-m/nofp/crt0.o (__libc_fini_array)
/usr/lib/gcc/arm-none-eabi/12.2.0/../../../../arm-none-eabi/lib/thumb/v7-m/nofp/libg.a(lib_a-impure.o)
                              /usr/lib/gcc/arm-none-eabi/12.2.0/../../../../arm-none-eabi/lib/thumb/v7-m/nofp/libg.a(lib_a-exit.o) (_global_impure_ptr)
/usr/lib/gcc/arm-none-eabi/12.2.0/../../../../arm-none-eabi/lib/thumb/v7-m/nofp/libg.a(lib_a-init.o)
                              /usr/lib/gcc/arm-none-eabi/12.2.0/../../../../arm-none-eabi/lib/thumb/v7-m/nofp/crt0.o (__libc_init_array)
/usr/lib/gcc/arm-none-eabi/12.2.0/../../../../arm-none-eabi/lib/thumb/v7-m/nofp/libg.a(lib_a-memcpy.o)
                              CMakeFiles/stm32_bat_ctrl.elf.dir/Core/Src/main.c.obj (memcpy)
/usr/lib/gcc/arm-none-eabi/12.2.0/../../../../arm-none-eabi/lib/thumb/v7-m/nofp/libg.a(lib_a-memset.o)
                              /usr/lib/gcc/arm-none-eabi/12.2.0/../../../../arm-none-eabi/lib/thumb/v7-m/nofp/crt0.o (memset)
/usr/lib/gcc/arm-none-eabi/12.2.0/../../../../arm-none-eabi/lib/thumb/v7-m/nofp/libg.a(lib_a-sprintf.o)
                              CMakeFiles/stm32_bat_ctrl.elf.dir/Core/Src/main.c.obj (sprintf)
/usr/lib/gcc/arm-none-eabi/12.2.0/../../../../arm-none-eabi/lib/thumb/v7-m/nofp/libg.a(lib_a-svfprintf.o)
                              /usr/lib/gcc/arm-none-eabi/12.2.0/../../../../arm-none-eabi/lib/thumb/v7-m/nofp/libg.a(lib_a-sprintf.o) (_svfprintf_r)
/usr/lib/gcc/arm-none-eabi/12.2.0/../../../../arm-none-eabi/lib/thumb/v7-m/nofp/libg.a(lib_a-__atexit.o)
                              /usr/lib/gcc/arm-none-eabi/12.2.0/../../../../arm-none-eabi/lib/thumb/v7-m/nofp/libg.a(lib_a-atexit.o) (__register_exitproc)
/usr/lib/gcc/arm-none-eabi/12.2.0/../../../../arm-none-eabi/lib/thumb/v7-m/nofp/libg.a(lib_a-__call_atexit.o)
                              /usr/lib/gcc/arm-none-eabi/12.2.0/../../../../arm-none-eabi/lib/thumb/v7-m/nofp/libg.a(lib_a-exit.o) (__call_exitprocs)
/usr/lib/gcc/arm-none-eabi/12.2.0/../../../../arm-none-eabi/lib/thumb/v7-m/nofp/libg.a(lib_a-dtoa.o)
                              /usr/lib/gcc/arm-none-eabi/12.2.0/../../../../arm-none-eabi/lib/thumb/v7-m/nofp/libg.a(lib_a-svfprintf.o) (_dtoa_r)
/usr/lib/gcc/arm-none-eabi/12.2.0/../../../../arm-none-eabi/lib/thumb/v7-m/nofp/libg.a(lib_a-freer.o)
                              /usr/lib/gcc/arm-none-eabi/12.2.0/../../../../arm-none-eabi/lib/thumb/v7-m/nofp/libg.a(lib_a-svfprintf.o) (_free_r)
/usr/lib/gcc/arm-none-eabi/12.2.0/../../../../arm-none-eabi/lib/thumb/v7-m/nofp/libg.a(lib_a-localeconv.o)
                              /usr/lib/gcc/arm-none-eabi/12.2.0/../../../../arm-none-eabi/lib/thumb/v7-m/nofp/libg.a(lib_a-svfprintf.o) (_localeconv_r)
/usr/lib/gcc/arm-none-eabi/12.2.0/../../../../arm-none-eabi/lib/thumb/v7-m/nofp/libg.a(lib_a-locale.o)
                              /usr/lib/gcc/arm-none-eabi/12.2.0/../../../../arm-none-eabi/lib/thumb/v7-m/nofp/libg.a(lib_a-localeconv.o) (__global_locale)
/usr/lib/gcc/arm-none-eabi/12.2.0/../../../../arm-none-eabi/lib/thumb/v7-m/nofp/libg.a(lib_a-lock.o)
                              /usr/lib/gcc/arm-none-eabi/12.2.0/../../../../arm-none-eabi/lib/thumb/v7-m/nofp/libg.a(lib_a-__atexit.o) (__retarget_lock_acquire_recursive)
/usr/lib/gcc/arm-none-eabi/12.2.0/../../../../arm-none-eabi/lib/thumb/v7-m/nofp/libg.a(lib_a-mallocr.o)
                              /usr/lib/gcc/arm-none-eabi/12.2.0/../../../../arm-none-eabi/lib/thumb/v7-m/nofp/libg.a(lib_a-svfprintf.o) (_malloc_r)
/usr/lib/gcc/arm-none-eabi/12.2.0/../../../../arm-none-eabi/lib/thumb/v7-m/nofp/libg.a(lib_a-mbtowc_r.o)
                              /usr/lib/gcc/arm-none-eabi/12.2.0/../../../../arm-none-eabi/lib/thumb/v7-m/nofp/libg.a(lib_a-locale.o) (__ascii_mbtowc)
/usr/lib/gcc/arm-none-eabi/12.2.0/../../../../arm-none-eabi/lib/thumb/v7-m/nofp/libg.a(lib_a-memchr-stub.o)
                              /usr/lib/gcc/arm-none-eabi/12.2.0/../../../../arm-none-eabi/lib/thumb/v7-m/nofp/libg.a(lib_a-svfprintf.o) (memchr)
/usr/lib/gcc/arm-none-eabi/12.2.0/../../../../arm-none-eabi/lib/thumb/v7-m/nofp/libg.a(lib_a-mlock.o)
[...]
Memory Configuration

Name             Origin             Length             Attributes
RAM              0x0000000020000000 0x0000000000005000 xrw
FLASH            0x0000000008000000 0x0000000000010000 xr
*default*        0x0000000000000000 0xffffffffffffffff

Linker script and memory map

LOAD /usr/lib/gcc/arm-none-eabi/12.2.0/thumb/v7-m/nofp/crti.o
LOAD /usr/lib/gcc/arm-none-eabi/12.2.0/thumb/v7-m/nofp/crtbegin.o
LOAD /usr/lib/gcc/arm-none-eabi/12.2.0/../../../../arm-none-eabi/lib/thumb/v7-m/nofp/crt0.o
LOAD CMakeFiles/stm32_bat_ctrl.elf.dir/Core/Src/adc.c.obj
LOAD CMakeFiles/stm32_bat_ctrl.elf.dir/Core/Src/crc.c.obj
LOAD CMakeFiles/stm32_bat_ctrl.elf.dir/Core/Src/dma.c.obj
LOAD CMakeFiles/stm32_bat_ctrl.elf.dir/Core/Src/gpio.c.obj
LOAD CMakeFiles/stm32_bat_ctrl.elf.dir/Core/Src/main.c.obj
LOAD CMakeFiles/stm32_bat_ctrl.elf.dir/Core/Src/stm32f1xx_hal_msp.c.obj
LOAD CMakeFiles/stm32_bat_ctrl.elf.dir/Core/Src/stm32f1xx_it.c.obj
LOAD CMakeFiles/stm32_bat_ctrl.elf.dir/Core/Src/syscalls.c.obj
LOAD CMakeFiles/stm32_bat_ctrl.elf.dir/Core/Src/sysmem.c.obj
LOAD CMakeFiles/stm32_bat_ctrl.elf.dir/Core/Src/system_stm32f1xx.c.obj
LOAD CMakeFiles/stm32_bat_ctrl.elf.dir/Core/Src/tim.c.obj
LOAD CMakeFiles/stm32_bat_ctrl.elf.dir/Core/Src/usart.c.obj
LOAD CMakeFiles/stm32_bat_ctrl.elf.dir/Core/Startup/startup_stm32f103c8tx.s.obj
LOAD CMakeFiles/stm32_bat_ctrl.elf.dir/Drivers/STM32F1xx_HAL_Driver/Src/stm32f1xx_hal.c.obj
LOAD CMakeFiles/stm32_bat_ctrl.elf.dir/Drivers/STM32F1xx_HAL_Driver/Src/stm32f1xx_hal_adc.c.obj
LOAD CMakeFiles/stm32_bat_ctrl.elf.dir/Drivers/STM32F1xx_HAL_Driver/Src/stm32f1xx_hal_adc_ex.c.obj
LOAD CMakeFiles/stm32_bat_ctrl.elf.dir/Drivers/STM32F1xx_HAL_Driver/Src/stm32f1xx_hal_cortex.c.obj
LOAD CMakeFiles/stm32_bat_ctrl.elf.dir/Drivers/STM32F1xx_HAL_Driver/Src/stm32f1xx_hal_crc.c.obj
LOAD CMakeFiles/stm32_bat_ctrl.elf.dir/Drivers/STM32F1xx_HAL_Driver/Src/stm32f1xx_hal_dma.c.obj
LOAD CMakeFiles/stm32_bat_ctrl.elf.dir/Drivers/STM32F1xx_HAL_Driver/Src/stm32f1xx_hal_exti.c.obj
LOAD CMakeFiles/stm32_bat_ctrl.elf.dir/Drivers/STM32F1xx_HAL_Driver/Src/stm32f1xx_hal_flash.c.obj
LOAD CMakeFiles/stm32_bat_ctrl.elf.dir/Drivers/STM32F1xx_HAL_Driver/Src/stm32f1xx_hal_flash_ex.c.obj
LOAD CMakeFiles/stm32_bat_ctrl.elf.dir/Drivers/STM32F1xx_HAL_Driver/Src/stm32f1xx_hal_gpio.c.obj
LOAD CMakeFiles/stm32_bat_ctrl.elf.dir/Drivers/STM32F1xx_HAL_Driver/Src/stm32f1xx_hal_gpio_ex.c.obj
LOAD CMakeFiles/stm32_bat_ctrl.elf.dir/Drivers/STM32F1xx_HAL_Driver/Src/stm32f1xx_hal_pcd.c.obj
LOAD CMakeFiles/stm32_bat_ctrl.elf.dir/Drivers/STM32F1xx_HAL_Driver/Src/stm32f1xx_hal_pcd_ex.c.obj
LOAD CMakeFiles/stm32_bat_ctrl.elf.dir/Drivers/STM32F1xx_HAL_Driver/Src/stm32f1xx_hal_pwr.c.obj
LOAD CMakeFiles/stm32_bat_ctrl.elf.dir/Drivers/STM32F1xx_HAL_Driver/Src/stm32f1xx_hal_rcc.c.obj
LOAD CMakeFiles/stm32_bat_ctrl.elf.dir/Drivers/STM32F1xx_HAL_Driver/Src/stm32f1xx_hal_rcc_ex.c.obj
LOAD CMakeFiles/stm32_bat_ctrl.elf.dir/Drivers/STM32F1xx_HAL_Driver/Src/stm32f1xx_hal_tim.c.obj
LOAD CMakeFiles/stm32_bat_ctrl.elf.dir/Drivers/STM32F1xx_HAL_Driver/Src/stm32f1xx_hal_tim_ex.c.obj
LOAD CMakeFiles/stm32_bat_ctrl.elf.dir/Drivers/STM32F1xx_HAL_Driver/Src/stm32f1xx_hal_uart.c.obj
LOAD CMakeFiles/stm32_bat_ctrl.elf.dir/Drivers/STM32F1xx_HAL_Driver/Src/stm32f1xx_ll_usb.c.obj
LOAD CMakeFiles/stm32_bat_ctrl.elf.dir/Middlewares/ST/STM32_USB_Device_Library/Class/CDC/Src/usbd_cdc.c.obj
LOAD CMakeFiles/stm32_bat_ctrl.elf.dir/Middlewares/ST/STM32_USB_Device_Library/Core/Src/usbd_core.c.obj
LOAD CMakeFiles/stm32_bat_ctrl.elf.dir/Middlewares/ST/STM32_USB_Device_Library/Core/Src/usbd_ctlreq.c.obj
LOAD CMakeFiles/stm32_bat_ctrl.elf.dir/Middlewares/ST/STM32_USB_Device_Library/Core/Src/usbd_ioreq.c.obj
LOAD CMakeFiles/stm32_bat_ctrl.elf.dir/USB_DEVICE/App/usb_device.c.obj
LOAD CMakeFiles/stm32_bat_ctrl.elf.dir/USB_DEVICE/App/usbd_cdc_if.c.obj
LOAD CMakeFiles/stm32_bat_ctrl.elf.dir/USB_DEVICE/App/usbd_desc.c.obj
LOAD CMakeFiles/stm32_bat_ctrl.elf.dir/USB_DEVICE/Target/usbd_conf.c.obj
START GROUP
LOAD /usr/lib/gcc/arm-none-eabi/12.2.0/thumb/v7-m/nofp/libgcc.a
LOAD /usr/lib/gcc/arm-none-eabi/12.2.0/../../../../arm-none-eabi/lib/thumb/v7-m/nofp/libg.a
LOAD /usr/lib/gcc/arm-none-eabi/12.2.0/../../../../arm-none-eabi/lib/thumb/v7-m/nofp/libc.a
END GROUP
LOAD /usr/lib/gcc/arm-none-eabi/12.2.0/thumb/v7-m/nofp/crtend.o
LOAD /usr/lib/gcc/arm-none-eabi/12.2.0/thumb/v7-m/nofp/crtn.o
                0x0000000020005000                _estack = (ORIGIN (RAM) + LENGTH (RAM))
                0x0000000000000200                _Min_Heap_Size = 0x200
                0x0000000000000400                _Min_Stack_Size = 0x400

.isr_vector     0x0000000008000000      0x10c
                0x0000000008000000                . = ALIGN (0x4)
 *(.isr_vector)
 .isr_vector    0x0000000008000000      0x10c CMakeFiles/stm32_bat_ctrl.elf.dir/Core/Startup/startup_stm32f103c8tx.s.obj
                0x0000000008000000                g_pfnVectors
                0x000000000800010c                . = ALIGN (0x4)

.text           0x0000000008000110     0xc0fc
                0x0000000008000110                . = ALIGN (0x4)
 *(.text)
 .text          0x0000000008000110       0xec /usr/lib/gcc/arm-none-eabi/12.2.0/../../../../arm-none-eabi/lib/thumb/v7-m/nofp/libg.a(lib_a-memcpy.o)
                0x0000000008000110                memcpy
 .text          0x00000000080001fc      0x378 /usr/lib/gcc/arm-none-eabi/12.2.0/thumb/v7-m/nofp/libgcc.a(_arm_addsubdf3.o)
                0x00000000080001fc                __aeabi_drsub
                0x0000000008000204                __aeabi_dsub
                0x0000000008000204                __subdf3
                0x0000000008000208                __adddf3
                0x0000000008000208                __aeabi_dadd
                0x0000000008000480                __aeabi_ui2d
                0x0000000008000480                __floatunsidf
                0x00000000080004a0                __floatsidf
                0x00000000080004a0                __aeabi_i2d
                0x00000000080004c4                __extendsfdf2
                0x00000000080004c4                __aeabi_f2d
                0x0000000008000508                __aeabi_ul2d
                0x0000000008000508                __floatundidf
                0x0000000008000518                __floatdidf
                0x0000000008000518                __aeabi_l2d
 .text          0x0000000008000574      0x424 /usr/lib/gcc/arm-none-eabi/12.2.0/thumb/v7-m/nofp/libgcc.a(_arm_muldivdf3.o)
                0x0000000008000574                __aeabi_dmul
                0x0000000008000574                __muldf3
                0x00000000080007c8                __aeabi_ddiv
                0x00000000080007c8                __divdf3
 .text          0x0000000008000998      0x110 /usr/lib/gcc/arm-none-eabi/12.2.0/thumb/v7-m/nofp/libgcc.a(_arm_cmpdf2.o)
                0x0000000008000998                __gtdf2
                0x0000000008000998                __gedf2
                0x00000000080009a0                __ltdf2
                0x00000000080009a0                __ledf2
                0x00000000080009a8                __cmpdf2
                0x00000000080009a8                __eqdf2
                0x00000000080009a8                __nedf2
                0x0000000008000a24                __aeabi_cdrcmple
                0x0000000008000a34                __aeabi_cdcmple
                0x0000000008000a34                __aeabi_cdcmpeq
                0x0000000008000a44                __aeabi_dcmpeq
                0x0000000008000a58                __aeabi_dcmplt
                0x0000000008000a6c                __aeabi_dcmple
                0x0000000008000a80                __aeabi_dcmpge
                0x0000000008000a94                __aeabi_dcmpgt
 .text          0x0000000008000aa8       0x2c /usr/lib/gcc/arm-none-eabi/12.2.0/thumb/v7-m/nofp/libgcc.a(_arm_unorddf2.o)
                0x0000000008000aa8                __aeabi_dcmpun
                0x0000000008000aa8                __unorddf2
 .text          0x0000000008000ad4       0x50 /usr/lib/gcc/arm-none-eabi/12.2.0/thumb/v7-m/nofp/libgcc.a(_arm_fixdfsi.o)
                0x0000000008000ad4                __fixdfsi
                0x0000000008000ad4                __aeabi_d2iz
 *(.text*)
 .text.__do_global_dtors_aux
                0x0000000008000b24       0x24 /usr/lib/gcc/arm-none-eabi/12.2.0/thumb/v7-m/nofp/crtbegin.o
 .text.frame_dummy
                0x0000000008000b48       0x1c /usr/lib/gcc/arm-none-eabi/12.2.0/thumb/v7-m/nofp/crtbegin.o
 .text.MX_ADC1_Init
                0x0000000008000b64       0xa8 CMakeFiles/stm32_bat_ctrl.elf.dir/Core/Src/adc.c.obj
                0x0000000008000b64                MX_ADC1_Init
 .text.HAL_ADC_MspInit
                0x0000000008000c0c       0x9c CMakeFiles/stm32_bat_ctrl.elf.dir/Core/Src/adc.c.obj
                0x0000000008000c0c                HAL_ADC_MspInit
 .text.MX_CRC_Init
                0x0000000008000ca8       0x20 CMakeFiles/stm32_bat_ctrl.elf.dir/Core/Src/crc.c.obj
                0x0000000008000ca8                MX_CRC_Init
 .text.HAL_CRC_MspInit
                0x0000000008000cc8       0x2c CMakeFiles/stm32_bat_ctrl.elf.dir/Core/Src/crc.c.obj
                0x0000000008000cc8                HAL_CRC_MspInit
 .text.MX_DMA_Init
                0x0000000008000cf4       0x74 CMakeFiles/stm32_bat_ctrl.elf.dir/Core/Src/dma.c.obj
                0x0000000008000cf4                MX_DMA_Init
 .text.MX_GPIO_Init
                0x0000000008000d68       0x8c CMakeFiles/stm32_bat_ctrl.elf.dir/Core/Src/gpio.c.obj
                0x0000000008000d68                MX_GPIO_Init
 .text.crc_init
                0x0000000008000df4       0x1c CMakeFiles/stm32_bat_ctrl.elf.dir/Core/Src/main.c.obj
                0x0000000008000df4                crc_init
 .text.transmit_serial
                0x0000000008000e10       0x64 CMakeFiles/stm32_bat_ctrl.elf.dir/Core/Src/main.c.obj
                0x0000000008000e10                transmit_serial
 .text.HAL_UART_RxCpltCallback
                0x0000000008000e74       0x3c CMakeFiles/stm32_bat_ctrl.elf.dir/Core/Src/main.c.obj
                0x0000000008000e74                HAL_UART_RxCpltCallback
 .text.HAL_ADC_ConvCpltCallback
                0x0000000008000eb0      0x190 CMakeFiles/stm32_bat_ctrl.elf.dir/Core/Src/main.c.obj
                0x0000000008000eb0                HAL_ADC_ConvCpltCallback
 .text.HAL_TIM_PeriodElapsedCallback
                0x0000000008001040       0x3c CMakeFiles/stm32_bat_ctrl.elf.dir/Core/Src/main.c.obj
                0x0000000008001040                HAL_TIM_PeriodElapsedCallback
 .text.Error_Handler
                0x000000000800107c        0x4 CMakeFiles/stm32_bat_ctrl.elf.dir/Core/Src/main.c.obj
                0x000000000800107c                Error_Handler
 .text.SystemClock_Config
                0x0000000008001080       0x88 CMakeFiles/stm32_bat_ctrl.elf.dir/Core/Src/main.c.obj
                0x0000000008001080                SystemClock_Config
 .text.main     0x0000000008001108       0x68 CMakeFiles/stm32_bat_ctrl.elf.dir/Core/Src/main.c.obj
                0x0000000008001108                main
 .text.HAL_MspInit
                0x0000000008001170       0x44 CMakeFiles/stm32_bat_ctrl.elf.dir/Core/Src/stm32f1xx_hal_msp.c.obj
                0x0000000008001170                HAL_MspInit
 .text.NMI_Handler
                0x00000000080011b4        0x2 CMakeFiles/stm32_bat_ctrl.elf.dir/Core/Src/stm32f1xx_it.c.obj
                0x00000000080011b4                NMI_Handler
 .text.HardFault_Handler
                0x00000000080011b6        0x2 CMakeFiles/stm32_bat_ctrl.elf.dir/Core/Src/stm32f1xx_it.c.obj
                0x00000000080011b6                HardFault_Handler
 .text.MemManage_Handler
                0x00000000080011b8        0x2 CMakeFiles/stm32_bat_ctrl.elf.dir/Core/Src/stm32f1xx_it.c.obj
                0x00000000080011b8                MemManage_Handler
 .text.BusFault_Handler
                0x00000000080011ba        0x2 CMakeFiles/stm32_bat_ctrl.elf.dir/Core/Src/stm32f1xx_it.c.obj
                0x00000000080011ba                BusFault_Handler
 .text.UsageFault_Handler
                0x00000000080011bc        0x2 CMakeFiles/stm32_bat_ctrl.elf.dir/Core/Src/stm32f1xx_it.c.obj
                0x00000000080011bc                UsageFault_Handler
 .text.SVC_Handler
                0x00000000080011be        0x2 CMakeFiles/stm32_bat_ctrl.elf.dir/Core/Src/stm32f1xx_it.c.obj
                0x00000000080011be                SVC_Handler
 .text.DebugMon_Handler
                0x00000000080011c0        0x2 CMakeFiles/stm32_bat_ctrl.elf.dir/Core/Src/stm32f1xx_it.c.obj
                0x00000000080011c0                DebugMon_Handler
 .text.PendSV_Handler
                0x00000000080011c2        0x2 CMakeFiles/stm32_bat_ctrl.elf.dir/Core/Src/stm32f1xx_it.c.obj
                0x00000000080011c2                PendSV_Handler
 .text.SysTick_Handler
                0x00000000080011c4        0x8 CMakeFiles/stm32_bat_ctrl.elf.dir/Core/Src/stm32f1xx_it.c.obj
                0x00000000080011c4                SysTick_Handler
 .text.DMA1_Channel1_IRQHandler
                0x00000000080011cc       0x10 CMakeFiles/stm32_bat_ctrl.elf.dir/Core/Src/stm32f1xx_it.c.obj
                0x00000000080011cc                DMA1_Channel1_IRQHandler
 .text.DMA1_Channel2_IRQHandler
                0x00000000080011dc       0x10 CMakeFiles/stm32_bat_ctrl.elf.dir/Core/Src/stm32f1xx_it.c.obj
                0x00000000080011dc                DMA1_Channel2_IRQHandler
 .text.DMA1_Channel3_IRQHandler
                0x00000000080011ec       0x10 CMakeFiles/stm32_bat_ctrl.elf.dir/Core/Src/stm32f1xx_it.c.obj
                0x00000000080011ec                DMA1_Channel3_IRQHandler
 .text.DMA1_Channel4_IRQHandler
                0x00000000080011fc       0x10 CMakeFiles/stm32_bat_ctrl.elf.dir/Core/Src/stm32f1xx_it.c.obj
                0x00000000080011fc                DMA1_Channel4_IRQHandler
 .text.DMA1_Channel5_IRQHandler
                0x000000000800120c       0x10 CMakeFiles/stm32_bat_ctrl.elf.dir/Core/Src/stm32f1xx_it.c.obj
                0x000000000800120c                DMA1_Channel5_IRQHandler
 .text.USB_LP_CAN1_RX0_IRQHandler
                0x000000000800121c       0x10 CMakeFiles/stm32_bat_ctrl.elf.dir/Core/Src/stm32f1xx_it.c.obj
                0x000000000800121c                USB_LP_CAN1_RX0_IRQHandler
 .text.TIM2_IRQHandler
                0x000000000800122c       0x10 CMakeFiles/stm32_bat_ctrl.elf.dir/Core/Src/stm32f1xx_it.c.obj
                0x000000000800122c                TIM2_IRQHandler
 .text._getpid  0x000000000800123c        0x4 CMakeFiles/stm32_bat_ctrl.elf.dir/Core/Src/syscalls.c.obj
                0x000000000800123c                _getpid
 .text._kill    0x0000000008001240       0x10 CMakeFiles/stm32_bat_ctrl.elf.dir/Core/Src/syscalls.c.obj
                0x0000000008001240                _kill
 .text._exit    0x0000000008001250        0xc CMakeFiles/stm32_bat_ctrl.elf.dir/Core/Src/syscalls.c.obj
                0x0000000008001250                _exit
 .text._read    0x000000000800125c       0x20 CMakeFiles/stm32_bat_ctrl.elf.dir/Core/Src/syscalls.c.obj
                0x000000000800125c                _read
 .text._write   0x000000000800127c       0x1c CMakeFiles/stm32_bat_ctrl.elf.dir/Core/Src/syscalls.c.obj
                0x000000000800127c                _write
 .text._close   0x0000000008001298        0x6 CMakeFiles/stm32_bat_ctrl.elf.dir/Core/Src/syscalls.c.obj
                0x0000000008001298                _close
 .text._fstat   0x000000000800129e        0xa CMakeFiles/stm32_bat_ctrl.elf.dir/Core/Src/syscalls.c.obj
                0x000000000800129e                _fstat
 .text._isatty  0x00000000080012a8        0x4 CMakeFiles/stm32_bat_ctrl.elf.dir/Core/Src/syscalls.c.obj
                0x00000000080012a8                _isatty
 .text._lseek   0x00000000080012ac        0x4 CMakeFiles/stm32_bat_ctrl.elf.dir/Core/Src/syscalls.c.obj
                0x00000000080012ac                _lseek
 .text._sbrk    0x00000000080012b0       0x48 CMakeFiles/stm32_bat_ctrl.elf.dir/Core/Src/sysmem.c.obj
                0x00000000080012b0                _sbrk
 .text.SystemInit
                0x00000000080012f8        0x2 CMakeFiles/stm32_bat_ctrl.elf.dir/Core/Src/system_stm32f1xx.c.obj
                0x00000000080012f8                SystemInit
 *fill*         0x00000000080012fa        0x2 
 .text.MX_TIM2_Init
                0x00000000080012fc       0x70 CMakeFiles/stm32_bat_ctrl.elf.dir/Core/Src/tim.c.obj
                0x00000000080012fc                MX_TIM2_Init
 .text.HAL_TIM_Base_MspInit
                0x000000000800136c       0x3a CMakeFiles/stm32_bat_ctrl.elf.dir/Core/Src/tim.c.obj
                0x000000000800136c                HAL_TIM_Base_MspInit
 *fill*         0x00000000080013a6        0x2 
 .text.MX_USART1_UART_Init
                0x00000000080013a8       0x34 CMakeFiles/stm32_bat_ctrl.elf.dir/Core/Src/usart.c.obj
                0x00000000080013a8                MX_USART1_UART_Init
 .text.MX_USART3_UART_Init
                0x00000000080013dc       0x34 CMakeFiles/stm32_bat_ctrl.elf.dir/Core/Src/usart.c.obj
                0x00000000080013dc                MX_USART3_UART_Init
 .text.HAL_UART_MspInit
                0x0000000008001410      0x1a8 CMakeFiles/stm32_bat_ctrl.elf.dir/Core/Src/usart.c.obj
                0x0000000008001410                HAL_UART_MspInit
 .text.Reset_Handler
                0x00000000080015b8       0x48 CMakeFiles/stm32_bat_ctrl.elf.dir/Core/Startup/startup_stm32f103c8tx.s.obj
                0x00000000080015b8                Reset_Handler
 .text.Default_Handler
                0x0000000008001600        0x2 CMakeFiles/stm32_bat_ctrl.elf.dir/Core/Startup/startup_stm32f103c8tx.s.obj
                0x0000000008001600                RTC_Alarm_IRQHandler
                0x0000000008001600                EXTI2_IRQHandler
                0x0000000008001600                TIM1_CC_IRQHandler
                0x0000000008001600                PVD_IRQHandler
                0x0000000008001600                EXTI3_IRQHandler
                0x0000000008001600                EXTI0_IRQHandler
                0x0000000008001600                I2C2_EV_IRQHandler
                0x0000000008001600                ADC1_2_IRQHandler
                0x0000000008001600                SPI1_IRQHandler
                0x0000000008001600                TAMPER_IRQHandler
                0x0000000008001600                USART3_IRQHandler
                0x0000000008001600                RTC_IRQHandler
                0x0000000008001600                DMA1_Channel7_IRQHandler
                0x0000000008001600                CAN1_RX1_IRQHandler
                0x0000000008001600                TIM4_IRQHandler
                0x0000000008001600                I2C1_EV_IRQHandler
                0x0000000008001600                DMA1_Channel6_IRQHandler
                0x0000000008001600                TIM3_IRQHandler
                0x0000000008001600                RCC_IRQHandler
                0x0000000008001600                TIM1_TRG_COM_IRQHandler
                0x0000000008001600                Default_Handler
                0x0000000008001600                EXTI15_10_IRQHandler
                0x0000000008001600                EXTI9_5_IRQHandler
                0x0000000008001600                SPI2_IRQHandler
                0x0000000008001600                EXTI4_IRQHandler
                0x0000000008001600                USB_HP_CAN1_TX_IRQHandler
                0x0000000008001600                TIM1_UP_IRQHandler
                0x0000000008001600                WWDG_IRQHandler
                0x0000000008001600                TIM1_BRK_IRQHandler
                0x0000000008001600                EXTI1_IRQHandler
                0x0000000008001600                USART2_IRQHandler
                0x0000000008001600                I2C2_ER_IRQHandler
                0x0000000008001600                CAN1_SCE_IRQHandler
                0x0000000008001600                FLASH_IRQHandler
                0x0000000008001600                USART1_IRQHandler
                0x0000000008001600                I2C1_ER_IRQHandler
                0x0000000008001600                USBWakeUp_IRQHandler
 *fill*         0x0000000008001602        0x2 
 .text.HAL_InitTick
                0x0000000008001604       0x4c CMakeFiles/stm32_bat_ctrl.elf.dir/Drivers/STM32F1xx_HAL_Driver/Src/stm32f1xx_hal.c.obj
                0x0000000008001604                HAL_InitTick
 .text.HAL_Init
                0x0000000008001650       0x24 CMakeFiles/stm32_bat_ctrl.elf.dir/Drivers/STM32F1xx_HAL_Driver/Src/stm32f1xx_hal.c.obj
                0x0000000008001650                HAL_Init
 .text.HAL_IncTick
                0x0000000008001674       0x18 CMakeFiles/stm32_bat_ctrl.elf.dir/Drivers/STM32F1xx_HAL_Driver/Src/stm32f1xx_hal.c.obj
                0x0000000008001674                HAL_IncTick
 .text.HAL_GetTick
                0x000000000800168c        0xc CMakeFiles/stm32_bat_ctrl.elf.dir/Drivers/STM32F1xx_HAL_Driver/Src/stm32f1xx_hal.c.obj
                0x000000000800168c                HAL_GetTick
 .text.ADC_DMAConvCplt
                0x0000000008001698       0x52 CMakeFiles/stm32_bat_ctrl.elf.dir/Drivers/STM32F1xx_HAL_Driver/Src/stm32f1xx_hal_adc.c.obj
                0x0000000008001698                ADC_DMAConvCplt
 .text.HAL_ADC_ConvHalfCpltCallback
                0x00000000080016ea        0x2 CMakeFiles/stm32_bat_ctrl.elf.dir/Drivers/STM32F1xx_HAL_Driver/Src/stm32f1xx_hal_adc.c.obj
                0x00000000080016ea                HAL_ADC_ConvHalfCpltCallback
 .text.ADC_DMAHalfConvCplt
                0x00000000080016ec        0xa CMakeFiles/stm32_bat_ctrl.elf.dir/Drivers/STM32F1xx_HAL_Driver/Src/stm32f1xx_hal_adc.c.obj
                0x00000000080016ec                ADC_DMAHalfConvCplt
 .text.HAL_ADC_ErrorCallback
                0x00000000080016f6        0x2 CMakeFiles/stm32_bat_ctrl.elf.dir/Drivers/STM32F1xx_HAL_Driver/Src/stm32f1xx_hal_adc.c.obj
                0x00000000080016f6                HAL_ADC_ErrorCallback
 .text.ADC_DMAError
                0x00000000080016f8       0x1a CMakeFiles/stm32_bat_ctrl.elf.dir/Drivers/STM32F1xx_HAL_Driver/Src/stm32f1xx_hal_adc.c.obj
                0x00000000080016f8                ADC_DMAError
 *fill*         0x0000000008001712        0x2 
 .text.HAL_ADC_ConfigChannel
                0x0000000008001714      0x140 CMakeFiles/stm32_bat_ctrl.elf.dir/Drivers/STM32F1xx_HAL_Driver/Src/stm32f1xx_hal_adc.c.obj
                0x0000000008001714                HAL_ADC_ConfigChannel
 .text.ADC_Enable
                0x0000000008001854       0x88 CMakeFiles/stm32_bat_ctrl.elf.dir/Drivers/STM32F1xx_HAL_Driver/Src/stm32f1xx_hal_adc.c.obj
                0x0000000008001854                ADC_Enable
 .text.HAL_ADC_Start_DMA
                0x00000000080018dc      0x130 CMakeFiles/stm32_bat_ctrl.elf.dir/Drivers/STM32F1xx_HAL_Driver/Src/stm32f1xx_hal_adc.c.obj
                0x00000000080018dc                HAL_ADC_Start_DMA
 .text.ADC_ConversionStop_Disable
                0x0000000008001a0c       0x56 CMakeFiles/stm32_bat_ctrl.elf.dir/Drivers/STM32F1xx_HAL_Driver/Src/stm32f1xx_hal_adc.c.obj
                0x0000000008001a0c                ADC_ConversionStop_Disable
 *fill*         0x0000000008001a62        0x2 
 .text.HAL_ADC_Init
                0x0000000008001a64      0x108 CMakeFiles/stm32_bat_ctrl.elf.dir/Drivers/STM32F1xx_HAL_Driver/Src/stm32f1xx_hal_adc.c.obj
                0x0000000008001a64                HAL_ADC_Init
 .text.HAL_ADCEx_Calibration_Start
                0x0000000008001b6c      0x100 CMakeFiles/stm32_bat_ctrl.elf.dir/Drivers/STM32F1xx_HAL_Driver/Src/stm32f1xx_hal_adc_ex.c.obj
                0x0000000008001b6c                HAL_ADCEx_Calibration_Start
 .text.__NVIC_SetPriority
                0x0000000008001c6c       0x28 CMakeFiles/stm32_bat_ctrl.elf.dir/Drivers/STM32F1xx_HAL_Driver/Src/stm32f1xx_hal_cortex.c.obj
 .text.NVIC_EncodePriority
                0x0000000008001c94       0x3e CMakeFiles/stm32_bat_ctrl.elf.dir/Drivers/STM32F1xx_HAL_Driver/Src/stm32f1xx_hal_cortex.c.obj
 *fill*         0x0000000008001cd2        0x2 
 .text.__NVIC_SystemReset
                0x0000000008001cd4       0x24 CMakeFiles/stm32_bat_ctrl.elf.dir/Drivers/STM32F1xx_HAL_Driver/Src/stm32f1xx_hal_cortex.c.obj
 .text.HAL_NVIC_SetPriorityGrouping
                0x0000000008001cf8       0x24 CMakeFiles/stm32_bat_ctrl.elf.dir/Drivers/STM32F1xx_HAL_Driver/Src/stm32f1xx_hal_cortex.c.obj
                0x0000000008001cf8                HAL_NVIC_SetPriorityGrouping
 .text.HAL_NVIC_SetPriority
                0x0000000008001d1c       0x20 CMakeFiles/stm32_bat_ctrl.elf.dir/Drivers/STM32F1xx_HAL_Driver/Src/stm32f1xx_hal_cortex.c.obj
                0x0000000008001d1c                HAL_NVIC_SetPriority
 .text.HAL_NVIC_EnableIRQ
                0x0000000008001d3c       0x1c CMakeFiles/stm32_bat_ctrl.elf.dir/Drivers/STM32F1xx_HAL_Driver/Src/stm32f1xx_hal_cortex.c.obj
                0x0000000008001d3c                HAL_NVIC_EnableIRQ
 .text.HAL_NVIC_SystemReset
                0x0000000008001d58        0x6 CMakeFiles/stm32_bat_ctrl.elf.dir/Drivers/STM32F1xx_HAL_Driver/Src/stm32f1xx_hal_cortex.c.obj
                0x0000000008001d58                HAL_NVIC_SystemReset
 *fill*         0x0000000008001d5e        0x2 
 .text.HAL_SYSTICK_Config
                0x0000000008001d60       0x28 CMakeFiles/stm32_bat_ctrl.elf.dir/Drivers/STM32F1xx_HAL_Driver/Src/stm32f1xx_hal_cortex.c.obj
                0x0000000008001d60                HAL_SYSTICK_Config
 .text.HAL_CRC_Init
                0x0000000008001d88       0x1e CMakeFiles/stm32_bat_ctrl.elf.dir/Drivers/STM32F1xx_HAL_Driver/Src/stm32f1xx_hal_crc.c.obj
                0x0000000008001d88                HAL_CRC_Init
 .text.DMA_SetConfig
                0x0000000008001da6       0x2c CMakeFiles/stm32_bat_ctrl.elf.dir/Drivers/STM32F1xx_HAL_Driver/Src/stm32f1xx_hal_dma.c.obj
 *fill*         0x0000000008001dd2        0x2 
 .text.HAL_DMA_Init
                0x0000000008001dd4       0x6c CMakeFiles/stm32_bat_ctrl.elf.dir/Drivers/STM32F1xx_HAL_Driver/Src/stm32f1xx_hal_dma.c.obj
                0x0000000008001dd4                HAL_DMA_Init
 .text.HAL_DMA_Start_IT
                0x0000000008001e40       0x74 CMakeFiles/stm32_bat_ctrl.elf.dir/Drivers/STM32F1xx_HAL_Driver/Src/stm32f1xx_hal_dma.c.obj
                0x0000000008001e40                HAL_DMA_Start_IT
 .text.HAL_DMA_IRQHandler
                0x0000000008001eb4      0x144 CMakeFiles/stm32_bat_ctrl.elf.dir/Drivers/STM32F1xx_HAL_Driver/Src/stm32f1xx_hal_dma.c.obj
                0x0000000008001eb4                HAL_DMA_IRQHandler
 .text.HAL_GPIO_Init
                0x0000000008001ff8      0x21c CMakeFiles/stm32_bat_ctrl.elf.dir/Drivers/STM32F1xx_HAL_Driver/Src/stm32f1xx_hal_gpio.c.obj
                0x0000000008001ff8                HAL_GPIO_Init
 .text.HAL_GPIO_WritePin
                0x0000000008002214        0xc CMakeFiles/stm32_bat_ctrl.elf.dir/Drivers/STM32F1xx_HAL_Driver/Src/stm32f1xx_hal_gpio.c.obj
                0x0000000008002214                HAL_GPIO_WritePin
 .text.HAL_GPIO_TogglePin
                0x0000000008002220       0x12 CMakeFiles/stm32_bat_ctrl.elf.dir/Drivers/STM32F1xx_HAL_Driver/Src/stm32f1xx_hal_gpio.c.obj
                0x0000000008002220                HAL_GPIO_TogglePin
 .text.HAL_PCD_EP_DB_Receive
                0x0000000008002232      0x11c CMakeFiles/stm32_bat_ctrl.elf.dir/Drivers/STM32F1xx_HAL_Driver/Src/stm32f1xx_hal_pcd.c.obj
 .text.HAL_PCD_Init
                0x000000000800234e      0x118 CMakeFiles/stm32_bat_ctrl.elf.dir/Drivers/STM32F1xx_HAL_Driver/Src/stm32f1xx_hal_pcd.c.obj
                0x000000000800234e                HAL_PCD_Init
 .text.HAL_PCD_Start
                0x0000000008002466       0x32 CMakeFiles/stm32_bat_ctrl.elf.dir/Drivers/STM32F1xx_HAL_Driver/Src/stm32f1xx_hal_pcd.c.obj
                0x0000000008002466                HAL_PCD_Start
 .text.HAL_PCD_EP_DB_Transmit
                0x0000000008002498      0x420 CMakeFiles/stm32_bat_ctrl.elf.dir/Drivers/STM32F1xx_HAL_Driver/Src/stm32f1xx_hal_pcd.c.obj
 .text.PCD_EP_ISR_Handler
                0x00000000080028b8      0x440 CMakeFiles/stm32_bat_ctrl.elf.dir/Drivers/STM32F1xx_HAL_Driver/Src/stm32f1xx_hal_pcd.c.obj
 .text.HAL_PCD_SetAddress
                0x0000000008002cf8       0x28 CMakeFiles/stm32_bat_ctrl.elf.dir/Drivers/STM32F1xx_HAL_Driver/Src/stm32f1xx_hal_pcd.c.obj
                0x0000000008002cf8                HAL_PCD_SetAddress
 .text.HAL_PCD_IRQHandler
                0x0000000008002d20      0x1d4 CMakeFiles/stm32_bat_ctrl.elf.dir/Drivers/STM32F1xx_HAL_Driver/Src/stm32f1xx_hal_pcd.c.obj
                0x0000000008002d20                HAL_PCD_IRQHandler
 .text.HAL_PCD_EP_Open
                0x0000000008002ef4       0x84 CMakeFiles/stm32_bat_ctrl.elf.dir/Drivers/STM32F1xx_HAL_Driver/Src/stm32f1xx_hal_pcd.c.obj
                0x0000000008002ef4                HAL_PCD_EP_Open
 .text.HAL_PCD_EP_Close
                0x0000000008002f78       0x64 CMakeFiles/stm32_bat_ctrl.elf.dir/Drivers/STM32F1xx_HAL_Driver/Src/stm32f1xx_hal_pcd.c.obj
                0x0000000008002f78                HAL_PCD_EP_Close
 .text.HAL_PCD_EP_Receive
                0x0000000008002fdc       0x44 CMakeFiles/stm32_bat_ctrl.elf.dir/Drivers/STM32F1xx_HAL_Driver/Src/stm32f1xx_hal_pcd.c.obj
                0x0000000008002fdc                HAL_PCD_EP_Receive
 .text.HAL_PCD_EP_GetRxCount
                0x0000000008003020       0x12 CMakeFiles/stm32_bat_ctrl.elf.dir/Drivers/STM32F1xx_HAL_Driver/Src/stm32f1xx_hal_pcd.c.obj
                0x0000000008003020                HAL_PCD_EP_GetRxCount
 .text.HAL_PCD_EP_Transmit
                0x0000000008003032       0x50 CMakeFiles/stm32_bat_ctrl.elf.dir/Drivers/STM32F1xx_HAL_Driver/Src/stm32f1xx_hal_pcd.c.obj
                0x0000000008003032                HAL_PCD_EP_Transmit
 .text.HAL_PCD_EP_SetStall
                0x0000000008003082       0x78 CMakeFiles/stm32_bat_ctrl.elf.dir/Drivers/STM32F1xx_HAL_Driver/Src/stm32f1xx_hal_pcd.c.obj
                0x0000000008003082                HAL_PCD_EP_SetStall
 .text.HAL_PCD_EP_ClrStall
                0x00000000080030fa       0x76 CMakeFiles/stm32_bat_ctrl.elf.dir/Drivers/STM32F1xx_HAL_Driver/Src/stm32f1xx_hal_pcd.c.obj
                0x00000000080030fa                HAL_PCD_EP_ClrStall
 .text.HAL_PCDEx_PMAConfig
                0x0000000008003170       0x38 CMakeFiles/stm32_bat_ctrl.elf.dir/Drivers/STM32F1xx_HAL_Driver/Src/stm32f1xx_hal_pcd_ex.c.obj
                0x0000000008003170                HAL_PCDEx_PMAConfig
 .text.RCC_Delay
                0x00000000080031a8       0x2c CMakeFiles/stm32_bat_ctrl.elf.dir/Drivers/STM32F1xx_HAL_Driver/Src/stm32f1xx_hal_rcc.c.obj
 .text.HAL_RCC_OscConfig
                0x00000000080031d4      0x410 CMakeFiles/stm32_bat_ctrl.elf.dir/Drivers/STM32F1xx_HAL_Driver/Src/stm32f1xx_hal_rcc.c.obj
                0x00000000080031d4                HAL_RCC_OscConfig
 .text.HAL_RCC_GetSysClockFreq
                0x00000000080035e4       0x70 CMakeFiles/stm32_bat_ctrl.elf.dir/Drivers/STM32F1xx_HAL_Driver/Src/stm32f1xx_hal_rcc.c.obj
                0x00000000080035e4                HAL_RCC_GetSysClockFreq
 .text.HAL_RCC_ClockConfig
                0x0000000008003654      0x16c CMakeFiles/stm32_bat_ctrl.elf.dir/Drivers/STM32F1xx_HAL_Driver/Src/stm32f1xx_hal_rcc.c.obj
                0x0000000008003654                HAL_RCC_ClockConfig
 .text.HAL_RCC_GetHCLKFreq
                0x00000000080037c0        0xc CMakeFiles/stm32_bat_ctrl.elf.dir/Drivers/STM32F1xx_HAL_Driver/Src/stm32f1xx_hal_rcc.c.obj
                0x00000000080037c0                HAL_RCC_GetHCLKFreq
 .text.HAL_RCC_GetPCLK1Freq
                0x00000000080037cc       0x20 CMakeFiles/stm32_bat_ctrl.elf.dir/Drivers/STM32F1xx_HAL_Driver/Src/stm32f1xx_hal_rcc.c.obj
                0x00000000080037cc                HAL_RCC_GetPCLK1Freq
 .text.HAL_RCC_GetPCLK2Freq
                0x00000000080037ec       0x20 CMakeFiles/stm32_bat_ctrl.elf.dir/Drivers/STM32F1xx_HAL_Driver/Src/stm32f1xx_hal_rcc.c.obj
                0x00000000080037ec                HAL_RCC_GetPCLK2Freq
 .text.HAL_RCCEx_PeriphCLKConfig
                0x000000000800380c      0x118 CMakeFiles/stm32_bat_ctrl.elf.dir/Drivers/STM32F1xx_HAL_Driver/Src/stm32f1xx_hal_rcc_ex.c.obj
                0x000000000800380c                HAL_RCCEx_PeriphCLKConfig
 .text.HAL_RCCEx_GetPeriphCLKFreq
                0x0000000008003924      0x100 CMakeFiles/stm32_bat_ctrl.elf.dir/Drivers/STM32F1xx_HAL_Driver/Src/stm32f1xx_hal_rcc_ex.c.obj
                0x0000000008003924                HAL_RCCEx_GetPeriphCLKFreq
 .text.TIM_TI1_ConfigInputStage
                0x0000000008003a24       0x24 CMakeFiles/stm32_bat_ctrl.elf.dir/Drivers/STM32F1xx_HAL_Driver/Src/stm32f1xx_hal_tim.c.obj
 .text.TIM_TI2_ConfigInputStage
                0x0000000008003a48       0x26 CMakeFiles/stm32_bat_ctrl.elf.dir/Drivers/STM32F1xx_HAL_Driver/Src/stm32f1xx_hal_tim.c.obj
 .text.TIM_ITRx_SetConfig
                0x0000000008003a6e       0x10 CMakeFiles/stm32_bat_ctrl.elf.dir/Drivers/STM32F1xx_HAL_Driver/Src/stm32f1xx_hal_tim.c.obj
 *fill*         0x0000000008003a7e        0x2 
 .text.HAL_TIM_Base_Start_IT
                0x0000000008003a80       0x68 CMakeFiles/stm32_bat_ctrl.elf.dir/Drivers/STM32F1xx_HAL_Driver/Src/stm32f1xx_hal_tim.c.obj
                0x0000000008003a80                HAL_TIM_Base_Start_IT
 .text.HAL_TIM_OC_DelayElapsedCallback
                0x0000000008003ae8        0x2 CMakeFiles/stm32_bat_ctrl.elf.dir/Drivers/STM32F1xx_HAL_Driver/Src/stm32f1xx_hal_tim.c.obj
                0x0000000008003ae8                HAL_TIM_OC_DelayElapsedCallback
 .text.HAL_TIM_IC_CaptureCallback
                0x0000000008003aea        0x2 CMakeFiles/stm32_bat_ctrl.elf.dir/Drivers/STM32F1xx_HAL_Driver/Src/stm32f1xx_hal_tim.c.obj
                0x0000000008003aea                HAL_TIM_IC_CaptureCallback
 .text.HAL_TIM_PWM_PulseFinishedCallback
                0x0000000008003aec        0x2 CMakeFiles/stm32_bat_ctrl.elf.dir/Drivers/STM32F1xx_HAL_Driver/Src/stm32f1xx_hal_tim.c.obj
                0x0000000008003aec                HAL_TIM_PWM_PulseFinishedCallback
 .text.HAL_TIM_TriggerCallback
                0x0000000008003aee        0x2 CMakeFiles/stm32_bat_ctrl.elf.dir/Drivers/STM32F1xx_HAL_Driver/Src/stm32f1xx_hal_tim.c.obj
                0x0000000008003aee                HAL_TIM_TriggerCallback
 .text.HAL_TIM_IRQHandler
                0x0000000008003af0      0x17a CMakeFiles/stm32_bat_ctrl.elf.dir/Drivers/STM32F1xx_HAL_Driver/Src/stm32f1xx_hal_tim.c.obj
                0x0000000008003af0                HAL_TIM_IRQHandler
 *fill*         0x0000000008003c6a        0x2 
 .text.TIM_Base_SetConfig
                0x0000000008003c6c       0x74 CMakeFiles/stm32_bat_ctrl.elf.dir/Drivers/STM32F1xx_HAL_Driver/Src/stm32f1xx_hal_tim.c.obj
                0x0000000008003c6c                TIM_Base_SetConfig
 .text.HAL_TIM_Base_Init
                0x0000000008003ce0       0x58 CMakeFiles/stm32_bat_ctrl.elf.dir/Drivers/STM32F1xx_HAL_Driver/Src/stm32f1xx_hal_tim.c.obj
                0x0000000008003ce0                HAL_TIM_Base_Init
 .text.TIM_ETR_SetConfig
                0x0000000008003d38       0x18 CMakeFiles/stm32_bat_ctrl.elf.dir/Drivers/STM32F1xx_HAL_Driver/Src/stm32f1xx_hal_tim.c.obj
                0x0000000008003d38                TIM_ETR_SetConfig
 .text.HAL_TIM_ConfigClockSource
                0x0000000008003d50       0xda CMakeFiles/stm32_bat_ctrl.elf.dir/Drivers/STM32F1xx_HAL_Driver/Src/stm32f1xx_hal_tim.c.obj
                0x0000000008003d50                HAL_TIM_ConfigClockSource
 *fill*         0x0000000008003e2a        0x2 
 .text.HAL_TIMEx_MasterConfigSynchronization
                0x0000000008003e2c       0x6c CMakeFiles/stm32_bat_ctrl.elf.dir/Drivers/STM32F1xx_HAL_Driver/Src/stm32f1xx_hal_tim_ex.c.obj
                0x0000000008003e2c                HAL_TIMEx_MasterConfigSynchronization
 .text.HAL_TIMEx_CommutCallback
                0x0000000008003e98        0x2 CMakeFiles/stm32_bat_ctrl.elf.dir/Drivers/STM32F1xx_HAL_Driver/Src/stm32f1xx_hal_tim_ex.c.obj
                0x0000000008003e98                HAL_TIMEx_CommutCallback
 .text.HAL_TIMEx_BreakCallback
                0x0000000008003e9a        0x2 CMakeFiles/stm32_bat_ctrl.elf.dir/Drivers/STM32F1xx_HAL_Driver/Src/stm32f1xx_hal_tim_ex.c.obj
                0x0000000008003e9a                HAL_TIMEx_BreakCallback
 .text.UART_EndTxTransfer
                0x0000000008003e9c       0x12 CMakeFiles/stm32_bat_ctrl.elf.dir/Drivers/STM32F1xx_HAL_Driver/Src/stm32f1xx_hal_uart.c.obj
 .text.UART_EndRxTransfer
                0x0000000008003eae       0x32 CMakeFiles/stm32_bat_ctrl.elf.dir/Drivers/STM32F1xx_HAL_Driver/Src/stm32f1xx_hal_uart.c.obj
 .text.UART_SetConfig
                0x0000000008003ee0       0x94 CMakeFiles/stm32_bat_ctrl.elf.dir/Drivers/STM32F1xx_HAL_Driver/Src/stm32f1xx_hal_uart.c.obj
 .text.UART_WaitOnFlagUntilTimeout
                0x0000000008003f74       0x68 CMakeFiles/stm32_bat_ctrl.elf.dir/Drivers/STM32F1xx_HAL_Driver/Src/stm32f1xx_hal_uart.c.obj
 .text.HAL_UART_Init
                0x0000000008003fdc       0x5e CMakeFiles/stm32_bat_ctrl.elf.dir/Drivers/STM32F1xx_HAL_Driver/Src/stm32f1xx_hal_uart.c.obj
                0x0000000008003fdc                HAL_UART_Init
 .text.HAL_UART_Transmit
                0x000000000800403a       0xd8 CMakeFiles/stm32_bat_ctrl.elf.dir/Drivers/STM32F1xx_HAL_Driver/Src/stm32f1xx_hal_uart.c.obj
                0x000000000800403a                HAL_UART_Transmit
 .text.HAL_UART_RxHalfCpltCallback
                0x0000000008004112        0x2 CMakeFiles/stm32_bat_ctrl.elf.dir/Drivers/STM32F1xx_HAL_Driver/Src/stm32f1xx_hal_uart.c.obj
                0x0000000008004112                HAL_UART_RxHalfCpltCallback
 .text.HAL_UART_ErrorCallback
                0x0000000008004114        0x2 CMakeFiles/stm32_bat_ctrl.elf.dir/Drivers/STM32F1xx_HAL_Driver/Src/stm32f1xx_hal_uart.c.obj
                0x0000000008004114                HAL_UART_ErrorCallback
 .text.UART_DMAError
                0x0000000008004116       0x58 CMakeFiles/stm32_bat_ctrl.elf.dir/Drivers/STM32F1xx_HAL_Driver/Src/stm32f1xx_hal_uart.c.obj
 .text.HAL_UARTEx_RxEventCallback
                0x000000000800416e        0x2 CMakeFiles/stm32_bat_ctrl.elf.dir/Drivers/STM32F1xx_HAL_Driver/Src/stm32f1xx_hal_uart.c.obj
                0x000000000800416e                HAL_UARTEx_RxEventCallback
 .text.UART_DMARxHalfCplt
                0x0000000008004170       0x1a CMakeFiles/stm32_bat_ctrl.elf.dir/Drivers/STM32F1xx_HAL_Driver/Src/stm32f1xx_hal_uart.c.obj
 .text.UART_DMAReceiveCplt
                0x000000000800418a       0x5e CMakeFiles/stm32_bat_ctrl.elf.dir/Drivers/STM32F1xx_HAL_Driver/Src/stm32f1xx_hal_uart.c.obj
 .text.UART_Start_Receive_DMA
                0x00000000080041e8       0x78 CMakeFiles/stm32_bat_ctrl.elf.dir/Drivers/STM32F1xx_HAL_Driver/Src/stm32f1xx_hal_uart.c.obj
                0x00000000080041e8                UART_Start_Receive_DMA
 .text.HAL_UART_Receive_DMA
                0x0000000008004260       0x38 CMakeFiles/stm32_bat_ctrl.elf.dir/Drivers/STM32F1xx_HAL_Driver/Src/stm32f1xx_hal_uart.c.obj
                0x0000000008004260                HAL_UART_Receive_DMA
 .text.USB_CoreInit
                0x0000000008004298        0xe CMakeFiles/stm32_bat_ctrl.elf.dir/Drivers/STM32F1xx_HAL_Driver/Src/stm32f1xx_ll_usb.c.obj
                0x0000000008004298                USB_CoreInit
 .text.USB_EnableGlobalInt
                0x00000000080042a6       0x12 CMakeFiles/stm32_bat_ctrl.elf.dir/Drivers/STM32F1xx_HAL_Driver/Src/stm32f1xx_ll_usb.c.obj
                0x00000000080042a6                USB_EnableGlobalInt
 .text.USB_DisableGlobalInt
                0x00000000080042b8       0x14 CMakeFiles/stm32_bat_ctrl.elf.dir/Drivers/STM32F1xx_HAL_Driver/Src/stm32f1xx_ll_usb.c.obj
                0x00000000080042b8                USB_DisableGlobalInt
 .text.USB_SetCurrentMode
                0x00000000080042cc        0x4 CMakeFiles/stm32_bat_ctrl.elf.dir/Drivers/STM32F1xx_HAL_Driver/Src/stm32f1xx_ll_usb.c.obj
                0x00000000080042cc                USB_SetCurrentMode
 .text.USB_DevInit
                0x00000000080042d0       0x22 CMakeFiles/stm32_bat_ctrl.elf.dir/Drivers/STM32F1xx_HAL_Driver/Src/stm32f1xx_ll_usb.c.obj
                0x00000000080042d0                USB_DevInit
 .text.USB_ActivateEndpoint
                0x00000000080042f2      0x378 CMakeFiles/stm32_bat_ctrl.elf.dir/Drivers/STM32F1xx_HAL_Driver/Src/stm32f1xx_ll_usb.c.obj
                0x00000000080042f2                USB_ActivateEndpoint
 .text.USB_DeactivateEndpoint
                0x000000000800466a      0x1d6 CMakeFiles/stm32_bat_ctrl.elf.dir/Drivers/STM32F1xx_HAL_Driver/Src/stm32f1xx_ll_usb.c.obj
                0x000000000800466a                USB_DeactivateEndpoint
 .text.USB_EPSetStall
                0x0000000008004840       0x4a CMakeFiles/stm32_bat_ctrl.elf.dir/Drivers/STM32F1xx_HAL_Driver/Src/stm32f1xx_ll_usb.c.obj
                0x0000000008004840                USB_EPSetStall
 .text.USB_EPClearStall
                0x000000000800488a       0xa2 CMakeFiles/stm32_bat_ctrl.elf.dir/Drivers/STM32F1xx_HAL_Driver/Src/stm32f1xx_ll_usb.c.obj
                0x000000000800488a                USB_EPClearStall
 .text.USB_SetDevAddress
                0x000000000800492c        0xc CMakeFiles/stm32_bat_ctrl.elf.dir/Drivers/STM32F1xx_HAL_Driver/Src/stm32f1xx_ll_usb.c.obj
                0x000000000800492c                USB_SetDevAddress
 .text.USB_DevConnect
                0x0000000008004938        0x4 CMakeFiles/stm32_bat_ctrl.elf.dir/Drivers/STM32F1xx_HAL_Driver/Src/stm32f1xx_ll_usb.c.obj
                0x0000000008004938                USB_DevConnect
 .text.USB_DevDisconnect
                0x000000000800493c        0x4 CMakeFiles/stm32_bat_ctrl.elf.dir/Drivers/STM32F1xx_HAL_Driver/Src/stm32f1xx_ll_usb.c.obj
                0x000000000800493c                USB_DevDisconnect
 .text.USB_ReadInterrupts
                0x0000000008004940        0x8 CMakeFiles/stm32_bat_ctrl.elf.dir/Drivers/STM32F1xx_HAL_Driver/Src/stm32f1xx_ll_usb.c.obj
                0x0000000008004940                USB_ReadInterrupts
 .text.USB_EP0_OutStart
                0x0000000008004948        0x4 CMakeFiles/stm32_bat_ctrl.elf.dir/Drivers/STM32F1xx_HAL_Driver/Src/stm32f1xx_ll_usb.c.obj
                0x0000000008004948                USB_EP0_OutStart
 .text.USB_WritePMA
                0x000000000800494c       0x26 CMakeFiles/stm32_bat_ctrl.elf.dir/Drivers/STM32F1xx_HAL_Driver/Src/stm32f1xx_ll_usb.c.obj
                0x000000000800494c                USB_WritePMA
 .text.USB_EPStartXfer
                0x0000000008004972      0x8b2 CMakeFiles/stm32_bat_ctrl.elf.dir/Drivers/STM32F1xx_HAL_Driver/Src/stm32f1xx_ll_usb.c.obj
                0x0000000008004972                USB_EPStartXfer
 .text.USB_ReadPMA
                0x0000000008005224       0x30 CMakeFiles/stm32_bat_ctrl.elf.dir/Drivers/STM32F1xx_HAL_Driver/Src/stm32f1xx_ll_usb.c.obj
                0x0000000008005224                USB_ReadPMA
 .text.USBD_CDC_EP0_RxReady
                0x0000000008005254       0x28 CMakeFiles/stm32_bat_ctrl.elf.dir/Middlewares/ST/STM32_USB_Device_Library/Class/CDC/Src/usbd_cdc.c.obj
 .text.USBD_CDC_GetFSCfgDesc
                0x000000000800527c        0xc CMakeFiles/stm32_bat_ctrl.elf.dir/Middlewares/ST/STM32_USB_Device_Library/Class/CDC/Src/usbd_cdc.c.obj
 .text.USBD_CDC_GetHSCfgDesc
                0x0000000008005288        0xc CMakeFiles/stm32_bat_ctrl.elf.dir/Middlewares/ST/STM32_USB_Device_Library/Class/CDC/Src/usbd_cdc.c.obj
 .text.USBD_CDC_GetOtherSpeedCfgDesc
                0x0000000008005294        0xc CMakeFiles/stm32_bat_ctrl.elf.dir/Middlewares/ST/STM32_USB_Device_Library/Class/CDC/Src/usbd_cdc.c.obj
 .text.USBD_CDC_GetDeviceQualifierDescriptor
                0x00000000080052a0        0xc CMakeFiles/stm32_bat_ctrl.elf.dir/Middlewares/ST/STM32_USB_Device_Library/Class/CDC/Src/usbd_cdc.c.obj
                0x00000000080052a0                USBD_CDC_GetDeviceQualifierDescriptor
 .text.USBD_CDC_DataOut
                0x00000000080052ac       0x2e CMakeFiles/stm32_bat_ctrl.elf.dir/Middlewares/ST/STM32_USB_Device_Library/Class/CDC/Src/usbd_cdc.c.obj
 .text.USBD_CDC_DataIn
                0x00000000080052da       0x4e CMakeFiles/stm32_bat_ctrl.elf.dir/Middlewares/ST/STM32_USB_Device_Library/Class/CDC/Src/usbd_cdc.c.obj
 .text.USBD_CDC_Setup
                0x0000000008005328       0xd6 CMakeFiles/stm32_bat_ctrl.elf.dir/Middlewares/ST/STM32_USB_Device_Library/Class/CDC/Src/usbd_cdc.c.obj
 .text.USBD_CDC_DeInit
                0x00000000080053fe       0x42 CMakeFiles/stm32_bat_ctrl.elf.dir/Middlewares/ST/STM32_USB_Device_Library/Class/CDC/Src/usbd_cdc.c.obj
 .text.USBD_CDC_Init
                0x0000000008005440       0xaa CMakeFiles/stm32_bat_ctrl.elf.dir/Middlewares/ST/STM32_USB_Device_Library/Class/CDC/Src/usbd_cdc.c.obj
 .text.USBD_CDC_RegisterInterface
                0x00000000080054ea        0xe CMakeFiles/stm32_bat_ctrl.elf.dir/Middlewares/ST/STM32_USB_Device_Library/Class/CDC/Src/usbd_cdc.c.obj
                0x00000000080054ea                USBD_CDC_RegisterInterface
 .text.USBD_CDC_SetTxBuffer
                0x00000000080054f8       0x10 CMakeFiles/stm32_bat_ctrl.elf.dir/Middlewares/ST/STM32_USB_Device_Library/Class/CDC/Src/usbd_cdc.c.obj
                0x00000000080054f8                USBD_CDC_SetTxBuffer
 .text.USBD_CDC_SetRxBuffer
                0x0000000008005508        0xc CMakeFiles/stm32_bat_ctrl.elf.dir/Middlewares/ST/STM32_USB_Device_Library/Class/CDC/Src/usbd_cdc.c.obj
                0x0000000008005508                USBD_CDC_SetRxBuffer
 .text.USBD_CDC_TransmitPacket
                0x0000000008005514       0x32 CMakeFiles/stm32_bat_ctrl.elf.dir/Middlewares/ST/STM32_USB_Device_Library/Class/CDC/Src/usbd_cdc.c.obj
                0x0000000008005514                USBD_CDC_TransmitPacket
 .text.USBD_CDC_ReceivePacket
                0x0000000008005546       0x30 CMakeFiles/stm32_bat_ctrl.elf.dir/Middlewares/ST/STM32_USB_Device_Library/Class/CDC/Src/usbd_cdc.c.obj
                0x0000000008005546                USBD_CDC_ReceivePacket
 .text.USBD_Init
                0x0000000008005576       0x2e CMakeFiles/stm32_bat_ctrl.elf.dir/Middlewares/ST/STM32_USB_Device_Library/Core/Src/usbd_core.c.obj
                0x0000000008005576                USBD_Init
 .text.USBD_RegisterClass
                0x00000000080055a4        0xe CMakeFiles/stm32_bat_ctrl.elf.dir/Middlewares/ST/STM32_USB_Device_Library/Core/Src/usbd_core.c.obj
                0x00000000080055a4                USBD_RegisterClass
 .text.USBD_Start
                0x00000000080055b2        0xa CMakeFiles/stm32_bat_ctrl.elf.dir/Middlewares/ST/STM32_USB_Device_Library/Core/Src/usbd_core.c.obj
                0x00000000080055b2                USBD_Start
 .text.USBD_SetClassConfig
                0x00000000080055bc       0x18 CMakeFiles/stm32_bat_ctrl.elf.dir/Middlewares/ST/STM32_USB_Device_Library/Core/Src/usbd_core.c.obj
                0x00000000080055bc                USBD_SetClassConfig
 .text.USBD_ClrClassConfig
                0x00000000080055d4        0xe CMakeFiles/stm32_bat_ctrl.elf.dir/Middlewares/ST/STM32_USB_Device_Library/Core/Src/usbd_core.c.obj
                0x00000000080055d4                USBD_ClrClassConfig
 .text.USBD_LL_SetupStage
                0x00000000080055e2       0x5a CMakeFiles/stm32_bat_ctrl.elf.dir/Middlewares/ST/STM32_USB_Device_Library/Core/Src/usbd_core.c.obj
                0x00000000080055e2                USBD_LL_SetupStage
 .text.USBD_LL_DataOutStage
                0x000000000800563c       0x8c CMakeFiles/stm32_bat_ctrl.elf.dir/Middlewares/ST/STM32_USB_Device_Library/Core/Src/usbd_core.c.obj
                0x000000000800563c                USBD_LL_DataOutStage
 .text.USBD_LL_DataInStage
                0x00000000080056c8       0xd0 CMakeFiles/stm32_bat_ctrl.elf.dir/Middlewares/ST/STM32_USB_Device_Library/Core/Src/usbd_core.c.obj
                0x00000000080056c8                USBD_LL_DataInStage
 .text.USBD_LL_Reset
                0x0000000008005798       0x50 CMakeFiles/stm32_bat_ctrl.elf.dir/Middlewares/ST/STM32_USB_Device_Library/Core/Src/usbd_core.c.obj
                0x0000000008005798                USBD_LL_Reset
 .text.USBD_LL_SetSpeed
                0x00000000080057e8        0x6 CMakeFiles/stm32_bat_ctrl.elf.dir/Middlewares/ST/STM32_USB_Device_Library/Core/Src/usbd_core.c.obj
                0x00000000080057e8                USBD_LL_SetSpeed
 .text.USBD_LL_Suspend
                0x00000000080057ee       0x12 CMakeFiles/stm32_bat_ctrl.elf.dir/Middlewares/ST/STM32_USB_Device_Library/Core/Src/usbd_core.c.obj
                0x00000000080057ee                USBD_LL_Suspend
 .text.USBD_LL_Resume
                0x0000000008005800       0x16 CMakeFiles/stm32_bat_ctrl.elf.dir/Middlewares/ST/STM32_USB_Device_Library/Core/Src/usbd_core.c.obj
                0x0000000008005800                USBD_LL_Resume
 .text.USBD_LL_SOF
                0x0000000008005816       0x1c CMakeFiles/stm32_bat_ctrl.elf.dir/Middlewares/ST/STM32_USB_Device_Library/Core/Src/usbd_core.c.obj
                0x0000000008005816                USBD_LL_SOF
 .text.USBD_GetLen
                0x0000000008005832       0x14 CMakeFiles/stm32_bat_ctrl.elf.dir/Middlewares/ST/STM32_USB_Device_Library/Core/Src/usbd_ctlreq.c.obj
 .text.USBD_SetFeature
                0x0000000008005846       0x14 CMakeFiles/stm32_bat_ctrl.elf.dir/Middlewares/ST/STM32_USB_Device_Library/Core/Src/usbd_ctlreq.c.obj
 .text.USBD_ParseSetupRequest
                0x000000000800585a       0x28 CMakeFiles/stm32_bat_ctrl.elf.dir/Middlewares/ST/STM32_USB_Device_Library/Core/Src/usbd_ctlreq.c.obj
                0x000000000800585a                USBD_ParseSetupRequest
 .text.USBD_CtlError
                0x0000000008005882       0x14 CMakeFiles/stm32_bat_ctrl.elf.dir/Middlewares/ST/STM32_USB_Device_Library/Core/Src/usbd_ctlreq.c.obj
                0x0000000008005882                USBD_CtlError
 .text.USBD_GetDescriptor
                0x0000000008005896      0x186 CMakeFiles/stm32_bat_ctrl.elf.dir/Middlewares/ST/STM32_USB_Device_Library/Core/Src/usbd_ctlreq.c.obj
 .text.USBD_SetAddress
                0x0000000008005a1c       0x4e CMakeFiles/stm32_bat_ctrl.elf.dir/Middlewares/ST/STM32_USB_Device_Library/Core/Src/usbd_ctlreq.c.obj
 *fill*         0x0000000008005a6a        0x2 
 .text.USBD_SetConfig
                0x0000000008005a6c       0xb0 CMakeFiles/stm32_bat_ctrl.elf.dir/Middlewares/ST/STM32_USB_Device_Library/Core/Src/usbd_ctlreq.c.obj
 .text.USBD_GetConfig
                0x0000000008005b1c       0x3e CMakeFiles/stm32_bat_ctrl.elf.dir/Middlewares/ST/STM32_USB_Device_Library/Core/Src/usbd_ctlreq.c.obj
 .text.USBD_GetStatus
                0x0000000008005b5a       0x38 CMakeFiles/stm32_bat_ctrl.elf.dir/Middlewares/ST/STM32_USB_Device_Library/Core/Src/usbd_ctlreq.c.obj
 .text.USBD_ClrFeature
                0x0000000008005b92       0x26 CMakeFiles/stm32_bat_ctrl.elf.dir/Middlewares/ST/STM32_USB_Device_Library/Core/Src/usbd_ctlreq.c.obj
 .text.USBD_StdDevReq
                0x0000000008005bb8       0x68 CMakeFiles/stm32_bat_ctrl.elf.dir/Middlewares/ST/STM32_USB_Device_Library/Core/Src/usbd_ctlreq.c.obj
                0x0000000008005bb8                USBD_StdDevReq
 .text.USBD_StdItfReq
                0x0000000008005c20       0x60 CMakeFiles/stm32_bat_ctrl.elf.dir/Middlewares/ST/STM32_USB_Device_Library/Core/Src/usbd_ctlreq.c.obj
                0x0000000008005c20                USBD_StdItfReq
 .text.USBD_StdEPReq
                0x0000000008005c80      0x1e2 CMakeFiles/stm32_bat_ctrl.elf.dir/Middlewares/ST/STM32_USB_Device_Library/Core/Src/usbd_ctlreq.c.obj
                0x0000000008005c80                USBD_StdEPReq
 .text.USBD_GetString
                0x0000000008005e62       0x3a CMakeFiles/stm32_bat_ctrl.elf.dir/Middlewares/ST/STM32_USB_Device_Library/Core/Src/usbd_ctlreq.c.obj
                0x0000000008005e62                USBD_GetString
 .text.USBD_CtlSendData
                0x0000000008005e9c       0x1a CMakeFiles/stm32_bat_ctrl.elf.dir/Middlewares/ST/STM32_USB_Device_Library/Core/Src/usbd_ioreq.c.obj
                0x0000000008005e9c                USBD_CtlSendData
 .text.USBD_CtlContinueSendData
                0x0000000008005eb6       0x10 CMakeFiles/stm32_bat_ctrl.elf.dir/Middlewares/ST/STM32_USB_Device_Library/Core/Src/usbd_ioreq.c.obj
                0x0000000008005eb6                USBD_CtlContinueSendData
 .text.USBD_CtlPrepareRx
                0x0000000008005ec6       0x1e CMakeFiles/stm32_bat_ctrl.elf.dir/Middlewares/ST/STM32_USB_Device_Library/Core/Src/usbd_ioreq.c.obj
                0x0000000008005ec6                USBD_CtlPrepareRx
 .text.USBD_CtlContinueRx
                0x0000000008005ee4       0x10 CMakeFiles/stm32_bat_ctrl.elf.dir/Middlewares/ST/STM32_USB_Device_Library/Core/Src/usbd_ioreq.c.obj
                0x0000000008005ee4                USBD_CtlContinueRx
 .text.USBD_CtlSendStatus
                0x0000000008005ef4       0x16 CMakeFiles/stm32_bat_ctrl.elf.dir/Middlewares/ST/STM32_USB_Device_Library/Core/Src/usbd_ioreq.c.obj
                0x0000000008005ef4                USBD_CtlSendStatus
 .text.USBD_CtlReceiveStatus
                0x0000000008005f0a       0x16 CMakeFiles/stm32_bat_ctrl.elf.dir/Middlewares/ST/STM32_USB_Device_Library/Core/Src/usbd_ioreq.c.obj
                0x0000000008005f0a                USBD_CtlReceiveStatus
 .text.MX_USB_DEVICE_Init
                0x0000000008005f20       0x54 CMakeFiles/stm32_bat_ctrl.elf.dir/USB_DEVICE/App/usb_device.c.obj
                0x0000000008005f20                MX_USB_DEVICE_Init
 .text.CDC_DeInit_FS
                0x0000000008005f74        0x4 CMakeFiles/stm32_bat_ctrl.elf.dir/USB_DEVICE/App/usbd_cdc_if.c.obj
 .text.CDC_Control_FS
                0x0000000008005f78        0x4 CMakeFiles/stm32_bat_ctrl.elf.dir/USB_DEVICE/App/usbd_cdc_if.c.obj
 .text.CDC_Receive_FS
                0x0000000008005f7c       0x1c CMakeFiles/stm32_bat_ctrl.elf.dir/USB_DEVICE/App/usbd_cdc_if.c.obj
 .text.CDC_Init_FS
                0x0000000008005f98       0x28 CMakeFiles/stm32_bat_ctrl.elf.dir/USB_DEVICE/App/usbd_cdc_if.c.obj
 .text.CDC_Transmit_FS
                0x0000000008005fc0       0x2c CMakeFiles/stm32_bat_ctrl.elf.dir/USB_DEVICE/App/usbd_cdc_if.c.obj
                0x0000000008005fc0                CDC_Transmit_FS
 .text.USBD_FS_DeviceDescriptor
                0x0000000008005fec        0xc CMakeFiles/stm32_bat_ctrl.elf.dir/USB_DEVICE/App/usbd_desc.c.obj
                0x0000000008005fec                USBD_FS_DeviceDescriptor
 .text.USBD_FS_LangIDStrDescriptor
                0x0000000008005ff8        0xc CMakeFiles/stm32_bat_ctrl.elf.dir/USB_DEVICE/App/usbd_desc.c.obj
                0x0000000008005ff8                USBD_FS_LangIDStrDescriptor
 .text.IntToUnicode
                0x0000000008006004       0x46 CMakeFiles/stm32_bat_ctrl.elf.dir/USB_DEVICE/App/usbd_desc.c.obj
 *fill*         0x000000000800604a        0x2 
 .text.Get_SerialNum
                0x000000000800604c       0x38 CMakeFiles/stm32_bat_ctrl.elf.dir/USB_DEVICE/App/usbd_desc.c.obj
 .text.USBD_FS_SerialStrDescriptor
                0x0000000008006084       0x14 CMakeFiles/stm32_bat_ctrl.elf.dir/USB_DEVICE/App/usbd_desc.c.obj
                0x0000000008006084                USBD_FS_SerialStrDescriptor
 .text.USBD_FS_ProductStrDescriptor
                0x0000000008006098       0x24 CMakeFiles/stm32_bat_ctrl.elf.dir/USB_DEVICE/App/usbd_desc.c.obj
                0x0000000008006098                USBD_FS_ProductStrDescriptor
 .text.USBD_FS_ManufacturerStrDescriptor
                0x00000000080060bc       0x1c CMakeFiles/stm32_bat_ctrl.elf.dir/USB_DEVICE/App/usbd_desc.c.obj
                0x00000000080060bc                USBD_FS_ManufacturerStrDescriptor
 .text.USBD_FS_ConfigStrDescriptor
                0x00000000080060d8       0x24 CMakeFiles/stm32_bat_ctrl.elf.dir/USB_DEVICE/App/usbd_desc.c.obj
                0x00000000080060d8                USBD_FS_ConfigStrDescriptor
 .text.USBD_FS_InterfaceStrDescriptor
                0x00000000080060fc       0x24 CMakeFiles/stm32_bat_ctrl.elf.dir/USB_DEVICE/App/usbd_desc.c.obj
                0x00000000080060fc                USBD_FS_InterfaceStrDescriptor
 .text.USBD_Get_USB_Status
                0x0000000008006120       0x14 CMakeFiles/stm32_bat_ctrl.elf.dir/USB_DEVICE/Target/usbd_conf.c.obj
 .text.HAL_PCD_MspInit
                0x0000000008006134       0x40 CMakeFiles/stm32_bat_ctrl.elf.dir/USB_DEVICE/Target/usbd_conf.c.obj
                0x0000000008006134                HAL_PCD_MspInit
 .text.HAL_PCD_SetupStageCallback
                0x0000000008006174       0x10 CMakeFiles/stm32_bat_ctrl.elf.dir/USB_DEVICE/Target/usbd_conf.c.obj
                0x0000000008006174                HAL_PCD_SetupStageCallback
 .text.HAL_PCD_DataOutStageCallback
                0x0000000008006184       0x18 CMakeFiles/stm32_bat_ctrl.elf.dir/USB_DEVICE/Target/usbd_conf.c.obj
                0x0000000008006184                HAL_PCD_DataOutStageCallback
 .text.HAL_PCD_DataInStageCallback
                0x000000000800619c       0x16 CMakeFiles/stm32_bat_ctrl.elf.dir/USB_DEVICE/Target/usbd_conf.c.obj
                0x000000000800619c                HAL_PCD_DataInStageCallback
 .text.HAL_PCD_SOFCallback
                0x00000000080061b2        0xc CMakeFiles/stm32_bat_ctrl.elf.dir/USB_DEVICE/Target/usbd_conf.c.obj
                0x00000000080061b2                HAL_PCD_SOFCallback
 .text.HAL_PCD_ResetCallback
                0x00000000080061be       0x24 CMakeFiles/stm32_bat_ctrl.elf.dir/USB_DEVICE/Target/usbd_conf.c.obj
                0x00000000080061be                HAL_PCD_ResetCallback
 *fill*         0x00000000080061e2        0x2 
 .text.HAL_PCD_SuspendCallback
                0x00000000080061e4       0x20 CMakeFiles/stm32_bat_ctrl.elf.dir/USB_DEVICE/Target/usbd_conf.c.obj
                0x00000000080061e4                HAL_PCD_SuspendCallback
 .text.HAL_PCD_ResumeCallback
                0x0000000008006204        0xc CMakeFiles/stm32_bat_ctrl.elf.dir/USB_DEVICE/Target/usbd_conf.c.obj
                0x0000000008006204                HAL_PCD_ResumeCallback
 .text.USBD_LL_Init
                0x0000000008006210       0x84 CMakeFiles/stm32_bat_ctrl.elf.dir/USB_DEVICE/Target/usbd_conf.c.obj
                0x0000000008006210                USBD_LL_Init
 .text.USBD_LL_Start
                0x0000000008006294       0x10 CMakeFiles/stm32_bat_ctrl.elf.dir/USB_DEVICE/Target/usbd_conf.c.obj
                0x0000000008006294                USBD_LL_Start
 .text.USBD_LL_OpenEP
                0x00000000080062a4       0x16 CMakeFiles/stm32_bat_ctrl.elf.dir/USB_DEVICE/Target/usbd_conf.c.obj
                0x00000000080062a4                USBD_LL_OpenEP
 .text.USBD_LL_CloseEP
                0x00000000080062ba       0x10 CMakeFiles/stm32_bat_ctrl.elf.dir/USB_DEVICE/Target/usbd_conf.c.obj
                0x00000000080062ba                USBD_LL_CloseEP
 .text.USBD_LL_StallEP
                0x00000000080062ca       0x10 CMakeFiles/stm32_bat_ctrl.elf.dir/USB_DEVICE/Target/usbd_conf.c.obj
                0x00000000080062ca                USBD_LL_StallEP
 .text.USBD_LL_ClearStallEP
                0x00000000080062da       0x10 CMakeFiles/stm32_bat_ctrl.elf.dir/USB_DEVICE/Target/usbd_conf.c.obj
                0x00000000080062da                USBD_LL_ClearStallEP
 .text.USBD_LL_IsStallEP
                0x00000000080062ea       0x2e CMakeFiles/stm32_bat_ctrl.elf.dir/USB_DEVICE/Target/usbd_conf.c.obj
                0x00000000080062ea                USBD_LL_IsStallEP
 .text.USBD_LL_SetUSBAddress
                0x0000000008006318       0x10 CMakeFiles/stm32_bat_ctrl.elf.dir/USB_DEVICE/Target/usbd_conf.c.obj
                0x0000000008006318                USBD_LL_SetUSBAddress
 .text.USBD_LL_Transmit
                0x0000000008006328       0x10 CMakeFiles/stm32_bat_ctrl.elf.dir/USB_DEVICE/Target/usbd_conf.c.obj
                0x0000000008006328                USBD_LL_Transmit
 .text.USBD_LL_PrepareReceive
                0x0000000008006338       0x10 CMakeFiles/stm32_bat_ctrl.elf.dir/USB_DEVICE/Target/usbd_conf.c.obj
                0x0000000008006338                USBD_LL_PrepareReceive
 .text.USBD_LL_GetRxDataSize
                0x0000000008006348        0xc CMakeFiles/stm32_bat_ctrl.elf.dir/USB_DEVICE/Target/usbd_conf.c.obj
                0x0000000008006348                USBD_LL_GetRxDataSize
 .text.USBD_static_malloc
                0x0000000008006354        0x8 CMakeFiles/stm32_bat_ctrl.elf.dir/USB_DEVICE/Target/usbd_conf.c.obj
                0x0000000008006354                USBD_static_malloc
 .text.USBD_static_free
                0x000000000800635c        0x2 CMakeFiles/stm32_bat_ctrl.elf.dir/USB_DEVICE/Target/usbd_conf.c.obj
                0x000000000800635c                USBD_static_free
 .text.HAL_PCDEx_SetConnectionState
                0x000000000800635e        0x2 CMakeFiles/stm32_bat_ctrl.elf.dir/USB_DEVICE/Target/usbd_conf.c.obj
                0x000000000800635e                HAL_PCDEx_SetConnectionState
 .text.atexit   0x0000000008006360        0xc /usr/lib/gcc/arm-none-eabi/12.2.0/../../../../arm-none-eabi/lib/thumb/v7-m/nofp/libg.a(lib_a-atexit.o)
                0x0000000008006360                atexit
 .text.__errno  0x000000000800636c        0xc /usr/lib/gcc/arm-none-eabi/12.2.0/../../../../arm-none-eabi/lib/thumb/v7-m/nofp/libg.a(lib_a-errno.o)
                0x000000000800636c                __errno
 .text.__libc_fini_array
                0x0000000008006378       0x2c /usr/lib/gcc/arm-none-eabi/12.2.0/../../../../arm-none-eabi/lib/thumb/v7-m/nofp/libg.a(lib_a-fini.o)
                0x0000000008006378                __libc_fini_array
 .text.__libc_init_array
                0x00000000080063a4       0x48 /usr/lib/gcc/arm-none-eabi/12.2.0/../../../../arm-none-eabi/lib/thumb/v7-m/nofp/libg.a(lib_a-init.o)
                0x00000000080063a4                __libc_init_array
 .text.memset   0x00000000080063ec       0xa4 /usr/lib/gcc/arm-none-eabi/12.2.0/../../../../arm-none-eabi/lib/thumb/v7-m/nofp/libg.a(lib_a-memset.o)
                0x00000000080063ec                memset
 .text.sprintf  0x0000000008006490       0x44 /usr/lib/gcc/arm-none-eabi/12.2.0/../../../../arm-none-eabi/lib/thumb/v7-m/nofp/libg.a(lib_a-sprintf.o)
                0x0000000008006490                sprintf
 .text._svfprintf_r
                0x00000000080064d4     0x1994 /usr/lib/gcc/arm-none-eabi/12.2.0/../../../../arm-none-eabi/lib/thumb/v7-m/nofp/libg.a(lib_a-svfprintf.o)
                0x00000000080064d4                _svfprintf_r
 .text.__register_exitproc
                0x0000000008007e68       0x84 /usr/lib/gcc/arm-none-eabi/12.2.0/../../../../arm-none-eabi/lib/thumb/v7-m/nofp/libg.a(lib_a-__atexit.o)
                0x0000000008007e68                __register_exitproc
 .text.startup.register_fini
                0x0000000008007eec       0x14 /usr/lib/gcc/arm-none-eabi/12.2.0/../../../../arm-none-eabi/lib/thumb/v7-m/nofp/libg.a(lib_a-__call_atexit.o)
 .text.quorem   0x0000000008007f00      0x128 /usr/lib/gcc/arm-none-eabi/12.2.0/../../../../arm-none-eabi/lib/thumb/v7-m/nofp/libg.a(lib_a-dtoa.o)
 .text._dtoa_r  0x0000000008008028      0xec4 /usr/lib/gcc/arm-none-eabi/12.2.0/../../../../arm-none-eabi/lib/thumb/v7-m/nofp/libg.a(lib_a-dtoa.o)
                0x0000000008008028                _dtoa_r
 .text._malloc_trim_r
                0x0000000008008eec       0xa0 /usr/lib/gcc/arm-none-eabi/12.2.0/../../../../arm-none-eabi/lib/thumb/v7-m/nofp/libg.a(lib_a-freer.o)
                0x0000000008008eec                _malloc_trim_r
 .text._free_r  0x0000000008008f8c      0x1f8 /usr/lib/gcc/arm-none-eabi/12.2.0/../../../../arm-none-eabi/lib/thumb/v7-m/nofp/libg.a(lib_a-freer.o)
                0x0000000008008f8c                _free_r
 .text._localeconv_r
                0x0000000008009184        0x8 /usr/lib/gcc/arm-none-eabi/12.2.0/../../../../arm-none-eabi/lib/thumb/v7-m/nofp/libg.a(lib_a-localeconv.o)
                0x0000000008009184                _localeconv_r
 .text.__locale_mb_cur_max
                0x000000000800918c        0xc /usr/lib/gcc/arm-none-eabi/12.2.0/../../../../arm-none-eabi/lib/thumb/v7-m/nofp/libg.a(lib_a-locale.o)
                0x000000000800918c                __locale_mb_cur_max
 .text.__retarget_lock_init_recursive
                0x0000000008009198        0x4 /usr/lib/gcc/arm-none-eabi/12.2.0/../../../../arm-none-eabi/lib/thumb/v7-m/nofp/libg.a(lib_a-lock.o)
                0x0000000008009198                __retarget_lock_init_recursive
 .text.__retarget_lock_close_recursive
                0x000000000800919c        0x4 /usr/lib/gcc/arm-none-eabi/12.2.0/../../../../arm-none-eabi/lib/thumb/v7-m/nofp/libg.a(lib_a-lock.o)
                0x000000000800919c                __retarget_lock_close_recursive
 .text.__retarget_lock_acquire_recursive
                0x00000000080091a0        0x4 /usr/lib/gcc/arm-none-eabi/12.2.0/../../../../arm-none-eabi/lib/thumb/v7-m/nofp/libg.a(lib_a-lock.o)
                0x00000000080091a0                __retarget_lock_acquire_recursive
 .text.__retarget_lock_release_recursive
                0x00000000080091a4        0x4 /usr/lib/gcc/arm-none-eabi/12.2.0/../../../../arm-none-eabi/lib/thumb/v7-m/nofp/libg.a(lib_a-lock.o)
                0x00000000080091a4                __retarget_lock_release_recursive
 .text._malloc_r
                0x00000000080091a8      0x570 /usr/lib/gcc/arm-none-eabi/12.2.0/../../../../arm-none-eabi/lib/thumb/v7-m/nofp/libg.a(lib_a-mallocr.o)
                0x00000000080091a8                _malloc_r
 .text.__ascii_mbtowc
                0x0000000008009718       0x2c /usr/lib/gcc/arm-none-eabi/12.2.0/../../../../arm-none-eabi/lib/thumb/v7-m/nofp/libg.a(lib_a-mbtowc_r.o)
                0x0000000008009718                __ascii_mbtowc
 .text.memchr   0x0000000008009744       0x94 /usr/lib/gcc/arm-none-eabi/12.2.0/../../../../arm-none-eabi/lib/thumb/v7-m/nofp/libg.a(lib_a-memchr-stub.o)
                0x0000000008009744                memchr
 .text.__malloc_lock
                0x00000000080097d8        0xc /usr/lib/gcc/arm-none-eabi/12.2.0/../../../../arm-none-eabi/lib/thumb/v7-m/nofp/libg.a(lib_a-mlock.o)
                0x00000000080097d8                __malloc_lock
 .text.__malloc_unlock
                0x00000000080097e4        0xc /usr/lib/gcc/arm-none-eabi/12.2.0/../../../../arm-none-eabi/lib/thumb/v7-m/nofp/libg.a(lib_a-mlock.o)
                0x00000000080097e4                __malloc_unlock
 .text._Balloc  0x00000000080097f0       0x4c /usr/lib/gcc/arm-none-eabi/12.2.0/../../../../arm-none-eabi/lib/thumb/v7-m/nofp/libg.a(lib_a-mprec.o)
                0x00000000080097f0                _Balloc
 .text._Bfree   0x000000000800983c       0x14 /usr/lib/gcc/arm-none-eabi/12.2.0/../../../../arm-none-eabi/lib/thumb/v7-m/nofp/libg.a(lib_a-mprec.o)
                0x000000000800983c                _Bfree
 .text.__multadd
                0x0000000008009850       0xa4 /usr/lib/gcc/arm-none-eabi/12.2.0/../../../../arm-none-eabi/lib/thumb/v7-m/nofp/libg.a(lib_a-mprec.o)
                0x0000000008009850                __multadd
 .text.__hi0bits
                0x00000000080098f4       0x40 /usr/lib/gcc/arm-none-eabi/12.2.0/../../../../arm-none-eabi/lib/thumb/v7-m/nofp/libg.a(lib_a-mprec.o)
                0x00000000080098f4                __hi0bits
 .text.__lo0bits
                0x0000000008009934       0x5c /usr/lib/gcc/arm-none-eabi/12.2.0/../../../../arm-none-eabi/lib/thumb/v7-m/nofp/libg.a(lib_a-mprec.o)
                0x0000000008009934                __lo0bits
 .text.__i2b    0x0000000008009990       0x5c /usr/lib/gcc/arm-none-eabi/12.2.0/../../../../arm-none-eabi/lib/thumb/v7-m/nofp/libg.a(lib_a-mprec.o)
                0x0000000008009990                __i2b
 .text.__multiply
                0x00000000080099ec      0x15c /usr/lib/gcc/arm-none-eabi/12.2.0/../../../../arm-none-eabi/lib/thumb/v7-m/nofp/libg.a(lib_a-mprec.o)
                0x00000000080099ec                __multiply
 .text.__pow5mult
                0x0000000008009b48       0xb8 /usr/lib/gcc/arm-none-eabi/12.2.0/../../../../arm-none-eabi/lib/thumb/v7-m/nofp/libg.a(lib_a-mprec.o)
                0x0000000008009b48                __pow5mult
 .text.__lshift
                0x0000000008009c00       0xec /usr/lib/gcc/arm-none-eabi/12.2.0/../../../../arm-none-eabi/lib/thumb/v7-m/nofp/libg.a(lib_a-mprec.o)
                0x0000000008009c00                __lshift
 .text.__mcmp   0x0000000008009cec       0x40 /usr/lib/gcc/arm-none-eabi/12.2.0/../../../../arm-none-eabi/lib/thumb/v7-m/nofp/libg.a(lib_a-mprec.o)
                0x0000000008009cec                __mcmp
 .text.__mdiff  0x0000000008009d2c      0x150 /usr/lib/gcc/arm-none-eabi/12.2.0/../../../../arm-none-eabi/lib/thumb/v7-m/nofp/libg.a(lib_a-mprec.o)
                0x0000000008009d2c                __mdiff
 .text.__d2b    0x0000000008009e7c       0xc0 /usr/lib/gcc/arm-none-eabi/12.2.0/../../../../arm-none-eabi/lib/thumb/v7-m/nofp/libg.a(lib_a-mprec.o)
                0x0000000008009e7c                __d2b
 .text._sbrk_r  0x0000000008009f3c       0x24 /usr/lib/gcc/arm-none-eabi/12.2.0/../../../../arm-none-eabi/lib/thumb/v7-m/nofp/libg.a(lib_a-sbrkr.o)
                0x0000000008009f3c                _sbrk_r
 .text.frexp    0x0000000008009f60       0x70 /usr/lib/gcc/arm-none-eabi/12.2.0/../../../../arm-none-eabi/lib/thumb/v7-m/nofp/libg.a(lib_a-s_frexp.o)
                0x0000000008009f60                frexp
 .text.strlen   0x0000000008009fd0       0x5c /usr/lib/gcc/arm-none-eabi/12.2.0/../../../../arm-none-eabi/lib/thumb/v7-m/nofp/libg.a(lib_a-strlen-stub.o)
                0x0000000008009fd0                strlen
 .text.strncpy  0x000000000800a02c       0x68 /usr/lib/gcc/arm-none-eabi/12.2.0/../../../../arm-none-eabi/lib/thumb/v7-m/nofp/libg.a(lib_a-strncpy.o)
                0x000000000800a02c                strncpy
 .text.__ssprint_r
                0x000000000800a094      0x108 /usr/lib/gcc/arm-none-eabi/12.2.0/../../../../arm-none-eabi/lib/thumb/v7-m/nofp/libg.a(lib_a-svfiprintf.o)
                0x000000000800a094                __ssprint_r
 .text.__ascii_wctomb
                0x000000000800a19c       0x1c /usr/lib/gcc/arm-none-eabi/12.2.0/../../../../arm-none-eabi/lib/thumb/v7-m/nofp/libg.a(lib_a-wctomb_r.o)
                0x000000000800a19c                __ascii_wctomb
 .text.__assert_func
                0x000000000800a1b8       0x40 /usr/lib/gcc/arm-none-eabi/12.2.0/../../../../arm-none-eabi/lib/thumb/v7-m/nofp/libg.a(lib_a-assert.o)
                0x000000000800a1b8                __assert_func
 .text._calloc_r
                0x000000000800a1f8       0x78 /usr/lib/gcc/arm-none-eabi/12.2.0/../../../../arm-none-eabi/lib/thumb/v7-m/nofp/libg.a(lib_a-callocr.o)
                0x000000000800a1f8                _calloc_r
 .text.fiprintf
                0x000000000800a270       0x28 /usr/lib/gcc/arm-none-eabi/12.2.0/../../../../arm-none-eabi/lib/thumb/v7-m/nofp/libg.a(lib_a-fiprintf.o)
                0x000000000800a270                fiprintf
 .text.memmove  0x000000000800a298       0xf8 /usr/lib/gcc/arm-none-eabi/12.2.0/../../../../arm-none-eabi/lib/thumb/v7-m/nofp/libg.a(lib_a-memmove.o)
                0x000000000800a298                memmove
 .text._realloc_r
                0x000000000800a390      0x3dc /usr/lib/gcc/arm-none-eabi/12.2.0/../../../../arm-none-eabi/lib/thumb/v7-m/nofp/libg.a(lib_a-reallocr.o)
                0x000000000800a390                _realloc_r
 .text.__sprint_r.part.0
                0x000000000800a76c       0x78 /usr/lib/gcc/arm-none-eabi/12.2.0/../../../../arm-none-eabi/lib/thumb/v7-m/nofp/libg.a(lib_a-vfiprintf.o)
 .text._vfiprintf_r
                0x000000000800a7e4      0xd04 /usr/lib/gcc/arm-none-eabi/12.2.0/../../../../arm-none-eabi/lib/thumb/v7-m/nofp/libg.a(lib_a-vfiprintf.o)
                0x000000000800a7e4                _vfiprintf_r
 .text.__sbprintf
                0x000000000800b4e8       0x80 /usr/lib/gcc/arm-none-eabi/12.2.0/../../../../arm-none-eabi/lib/thumb/v7-m/nofp/libg.a(lib_a-vfiprintf.o)
 .text.__swsetup_r
                0x000000000800b568       0xd4 /usr/lib/gcc/arm-none-eabi/12.2.0/../../../../arm-none-eabi/lib/thumb/v7-m/nofp/libg.a(lib_a-wsetup.o)
                0x000000000800b568                __swsetup_r
 .text.abort    0x000000000800b63c       0x10 /usr/lib/gcc/arm-none-eabi/12.2.0/../../../../arm-none-eabi/lib/thumb/v7-m/nofp/libg.a(lib_a-abort.o)
                0x000000000800b63c                abort
 .text.__sflush_r
                0x000000000800b64c      0x138 /usr/lib/gcc/arm-none-eabi/12.2.0/../../../../arm-none-eabi/lib/thumb/v7-m/nofp/libg.a(lib_a-fflush.o)
                0x000000000800b64c                __sflush_r
 .text._fflush_r
                0x000000000800b784       0x5c /usr/lib/gcc/arm-none-eabi/12.2.0/../../../../arm-none-eabi/lib/thumb/v7-m/nofp/libg.a(lib_a-fflush.o)
                0x000000000800b784                _fflush_r
 .text._cleanup_r
                0x000000000800b7e0        0xc /usr/lib/gcc/arm-none-eabi/12.2.0/../../../../arm-none-eabi/lib/thumb/v7-m/nofp/libg.a(lib_a-findfp.o)
                0x000000000800b7e0                _cleanup_r
 .text.__sinit  0x000000000800b7ec      0x10c /usr/lib/gcc/arm-none-eabi/12.2.0/../../../../arm-none-eabi/lib/thumb/v7-m/nofp/libg.a(lib_a-findfp.o)
                0x000000000800b7ec                __sinit
 .text.__sfp_lock_acquire
                0x000000000800b8f8        0xc /usr/lib/gcc/arm-none-eabi/12.2.0/../../../../arm-none-eabi/lib/thumb/v7-m/nofp/libg.a(lib_a-findfp.o)
                0x000000000800b8f8                __sfp_lock_acquire
 .text.__sfp_lock_release
                0x000000000800b904        0xc /usr/lib/gcc/arm-none-eabi/12.2.0/../../../../arm-none-eabi/lib/thumb/v7-m/nofp/libg.a(lib_a-findfp.o)
                0x000000000800b904                __sfp_lock_release
 .text.__fputwc
                0x000000000800b910       0xa0 /usr/lib/gcc/arm-none-eabi/12.2.0/../../../../arm-none-eabi/lib/thumb/v7-m/nofp/libg.a(lib_a-fputwc.o)
                0x000000000800b910                __fputwc
 .text._fputwc_r
                0x000000000800b9b0       0x64 /usr/lib/gcc/arm-none-eabi/12.2.0/../../../../arm-none-eabi/lib/thumb/v7-m/nofp/libg.a(lib_a-fputwc.o)
                0x000000000800b9b0                _fputwc_r
 .text.__sfvwrite_r
                0x000000000800ba14      0x2fc /usr/lib/gcc/arm-none-eabi/12.2.0/../../../../arm-none-eabi/lib/thumb/v7-m/nofp/libg.a(lib_a-fvwrite.o)
                0x000000000800ba14                __sfvwrite_r
 .text._fwalk_reent
                0x000000000800bd10       0x48 /usr/lib/gcc/arm-none-eabi/12.2.0/../../../../arm-none-eabi/lib/thumb/v7-m/nofp/libg.a(lib_a-fwalk.o)
                0x000000000800bd10                _fwalk_reent
 .text.__smakebuf_r
                0x000000000800bd58       0xe0 /usr/lib/gcc/arm-none-eabi/12.2.0/../../../../arm-none-eabi/lib/thumb/v7-m/nofp/libg.a(lib_a-makebuf.o)
                0x000000000800bd58                __smakebuf_r
 .text.raise    0x000000000800be38       0x5c /usr/lib/gcc/arm-none-eabi/12.2.0/../../../../arm-none-eabi/lib/thumb/v7-m/nofp/libg.a(lib_a-signal.o)
                0x000000000800be38                raise
 .text._kill_r  0x000000000800be94       0x28 /usr/lib/gcc/arm-none-eabi/12.2.0/../../../../arm-none-eabi/lib/thumb/v7-m/nofp/libg.a(lib_a-signalr.o)
                0x000000000800be94                _kill_r
 .text._getpid_r
                0x000000000800bebc        0x4 /usr/lib/gcc/arm-none-eabi/12.2.0/../../../../arm-none-eabi/lib/thumb/v7-m/nofp/libg.a(lib_a-signalr.o)
                0x000000000800bebc                _getpid_r
 .text.__sread  0x000000000800bec0       0x24 /usr/lib/gcc/arm-none-eabi/12.2.0/../../../../arm-none-eabi/lib/thumb/v7-m/nofp/libg.a(lib_a-stdio.o)
                0x000000000800bec0                __sread
 .text.__swrite
                0x000000000800bee4       0x40 /usr/lib/gcc/arm-none-eabi/12.2.0/../../../../arm-none-eabi/lib/thumb/v7-m/nofp/libg.a(lib_a-stdio.o)
                0x000000000800bee4                __swrite
 .text.__sseek  0x000000000800bf24       0x20 /usr/lib/gcc/arm-none-eabi/12.2.0/../../../../arm-none-eabi/lib/thumb/v7-m/nofp/libg.a(lib_a-stdio.o)
                0x000000000800bf24                __sseek
 .text.__sclose
                0x000000000800bf44        0x8 /usr/lib/gcc/arm-none-eabi/12.2.0/../../../../arm-none-eabi/lib/thumb/v7-m/nofp/libg.a(lib_a-stdio.o)
                0x000000000800bf44                __sclose
 .text.__swbuf_r
                0x000000000800bf4c       0xb0 /usr/lib/gcc/arm-none-eabi/12.2.0/../../../../arm-none-eabi/lib/thumb/v7-m/nofp/libg.a(lib_a-wbuf.o)
                0x000000000800bf4c                __swbuf_r
 .text._wcrtomb_r
                0x000000000800bffc       0x34 /usr/lib/gcc/arm-none-eabi/12.2.0/../../../../arm-none-eabi/lib/thumb/v7-m/nofp/libg.a(lib_a-wcrtomb.o)
                0x000000000800bffc                _wcrtomb_r
 .text._write_r
                0x000000000800c030       0x2c /usr/lib/gcc/arm-none-eabi/12.2.0/../../../../arm-none-eabi/lib/thumb/v7-m/nofp/libg.a(lib_a-writer.o)
                0x000000000800c030                _write_r
 .text._close_r
                0x000000000800c05c       0x24 /usr/lib/gcc/arm-none-eabi/12.2.0/../../../../arm-none-eabi/lib/thumb/v7-m/nofp/libg.a(lib_a-closer.o)
                0x000000000800c05c                _close_r
 .text._fclose_r
                0x000000000800c080       0xd0 /usr/lib/gcc/arm-none-eabi/12.2.0/../../../../arm-none-eabi/lib/thumb/v7-m/nofp/libg.a(lib_a-fclose.o)
                0x000000000800c080                _fclose_r
 .text._fstat_r
                0x000000000800c150       0x28 /usr/lib/gcc/arm-none-eabi/12.2.0/../../../../arm-none-eabi/lib/thumb/v7-m/nofp/libg.a(lib_a-fstatr.o)
                0x000000000800c150                _fstat_r
 .text._isatty_r
                0x000000000800c178       0x24 /usr/lib/gcc/arm-none-eabi/12.2.0/../../../../arm-none-eabi/lib/thumb/v7-m/nofp/libg.a(lib_a-isattyr.o)
                0x000000000800c178                _isatty_r
 .text._lseek_r
                0x000000000800c19c       0x2c /usr/lib/gcc/arm-none-eabi/12.2.0/../../../../arm-none-eabi/lib/thumb/v7-m/nofp/libg.a(lib_a-lseekr.o)
                0x000000000800c19c                _lseek_r
 .text._read_r  0x000000000800c1c8       0x2c /usr/lib/gcc/arm-none-eabi/12.2.0/../../../../arm-none-eabi/lib/thumb/v7-m/nofp/libg.a(lib_a-readr.o)
                0x000000000800c1c8                _read_r
 *(.glue_7)
 .glue_7        0x000000000800c1f4        0x0 linker stubs
 *(.glue_7t)
 .glue_7t       0x000000000800c1f4        0x0 linker stubs
 *(.eh_frame)
 .eh_frame      0x000000000800c1f4        0x0 /usr/lib/gcc/arm-none-eabi/12.2.0/thumb/v7-m/nofp/crtbegin.o
 *(.init)
 .init          0x000000000800c1f4        0x4 /usr/lib/gcc/arm-none-eabi/12.2.0/thumb/v7-m/nofp/crti.o
                0x000000000800c1f4                _init
 .init          0x000000000800c1f8        0x8 /usr/lib/gcc/arm-none-eabi/12.2.0/thumb/v7-m/nofp/crtn.o
 *(.fini)
 .fini          0x000000000800c200        0x4 /usr/lib/gcc/arm-none-eabi/12.2.0/thumb/v7-m/nofp/crti.o
                0x000000000800c200                _fini
 .fini          0x000000000800c204        0x8 /usr/lib/gcc/arm-none-eabi/12.2.0/thumb/v7-m/nofp/crtn.o
                0x000000000800c20c                . = ALIGN (0x4)
                0x000000000800c20c                _etext = .

.vfp11_veneer   0x000000000800c20c        0x0
 .vfp11_veneer  0x000000000800c20c        0x0 linker stubs

.v4_bx          0x000000000800c20c        0x0
 .v4_bx         0x000000000800c20c        0x0 linker stubs

.iplt           0x000000000800c20c        0x0
 .iplt          0x000000000800c20c        0x0 /usr/lib/gcc/arm-none-eabi/12.2.0/thumb/v7-m/nofp/crtbegin.o

.rodata         0x000000000800c210      0x440
                0x000000000800c210                . = ALIGN (0x4)
 *(.rodata)
 *(.rodata*)
 .rodata.HAL_ADC_ConvCpltCallback.str1.4
                0x000000000800c210       0x35 CMakeFiles/stm32_bat_ctrl.elf.dir/Core/Src/main.c.obj
 *fill*         0x000000000800c245        0x3 
 .rodata.APBPrescTable
                0x000000000800c248        0x8 CMakeFiles/stm32_bat_ctrl.elf.dir/Core/Src/system_stm32f1xx.c.obj
                0x000000000800c248                APBPrescTable
 .rodata.AHBPrescTable
                0x000000000800c250       0x10 CMakeFiles/stm32_bat_ctrl.elf.dir/Core/Src/system_stm32f1xx.c.obj
                0x000000000800c250                AHBPrescTable
 .rodata.HAL_RCC_GetSysClockFreq.str1.4
                0x000000000800c260       0x11 CMakeFiles/stm32_bat_ctrl.elf.dir/Drivers/STM32F1xx_HAL_Driver/Src/stm32f1xx_hal_rcc.c.obj
 .rodata.HAL_RCCEx_GetPeriphCLKFreq.str1.4
                0x000000000800c271       0x11 CMakeFiles/stm32_bat_ctrl.elf.dir/Drivers/STM32F1xx_HAL_Driver/Src/stm32f1xx_hal_rcc_ex.c.obj
 *fill*         0x000000000800c271        0x3 
 .rodata.USBD_FS_ProductStrDescriptor.str1.4
                0x000000000800c274       0x16 CMakeFiles/stm32_bat_ctrl.elf.dir/USB_DEVICE/App/usbd_desc.c.obj
 *fill*         0x000000000800c28a        0x2 
 .rodata.USBD_FS_ManufacturerStrDescriptor.str1.4
                0x000000000800c28c       0x13 CMakeFiles/stm32_bat_ctrl.elf.dir/USB_DEVICE/App/usbd_desc.c.obj
 *fill*         0x000000000800c29f        0x1 
 .rodata.USBD_FS_ConfigStrDescriptor.str1.4
                0x000000000800c2a0        0xb CMakeFiles/stm32_bat_ctrl.elf.dir/USB_DEVICE/App/usbd_desc.c.obj
 *fill*         0x000000000800c2ab        0x1 
 .rodata.USBD_FS_InterfaceStrDescriptor.str1.4
                0x000000000800c2ac        0xe CMakeFiles/stm32_bat_ctrl.elf.dir/USB_DEVICE/App/usbd_desc.c.obj
 *fill*         0x000000000800c2ba        0x2 
 .rodata._global_impure_ptr
                0x000000000800c2bc        0x4 /usr/lib/gcc/arm-none-eabi/12.2.0/../../../../arm-none-eabi/lib/thumb/v7-m/nofp/libg.a(lib_a-impure.o)
                0x000000000800c2bc                _global_impure_ptr
 .rodata._svfprintf_r.str1.4
                0x000000000800c2c0       0x42 /usr/lib/gcc/arm-none-eabi/12.2.0/../../../../arm-none-eabi/lib/thumb/v7-m/nofp/libg.a(lib_a-svfprintf.o)
 *fill*         0x000000000800c302        0x2 
 .rodata.blanks.1
                0x000000000800c304       0x10 /usr/lib/gcc/arm-none-eabi/12.2.0/../../../../arm-none-eabi/lib/thumb/v7-m/nofp/libg.a(lib_a-svfprintf.o)
 .rodata.zeroes.0
                0x000000000800c314       0x10 /usr/lib/gcc/arm-none-eabi/12.2.0/../../../../arm-none-eabi/lib/thumb/v7-m/nofp/libg.a(lib_a-svfprintf.o)
 .rodata._dtoa_r.str1.4
                0x000000000800c324       0x6c /usr/lib/gcc/arm-none-eabi/12.2.0/../../../../arm-none-eabi/lib/thumb/v7-m/nofp/libg.a(lib_a-dtoa.o)
                                         0x70 (size before relaxing)
 .rodata._setlocale_r.str1.4
                0x000000000800c390        0xa /usr/lib/gcc/arm-none-eabi/12.2.0/../../../../arm-none-eabi/lib/thumb/v7-m/nofp/libg.a(lib_a-locale.o)
                                          0xd (size before relaxing)
 *fill*         0x000000000800c39a        0x2 
 .rodata.str1.4
                0x000000000800c39c        0x2 /usr/lib/gcc/arm-none-eabi/12.2.0/../../../../arm-none-eabi/lib/thumb/v7-m/nofp/libg.a(lib_a-locale.o)
 *fill*         0x000000000800c39e        0x2 
 .rodata.__multadd.str1.4
                0x000000000800c3a0       0x49 /usr/lib/gcc/arm-none-eabi/12.2.0/../../../../arm-none-eabi/lib/thumb/v7-m/nofp/libg.a(lib_a-mprec.o)
                                         0x5d (size before relaxing)
 *fill*         0x000000000800c3e9        0x7 
 .rodata.__mprec_bigtens
                0x000000000800c3f0       0x28 /usr/lib/gcc/arm-none-eabi/12.2.0/../../../../arm-none-eabi/lib/thumb/v7-m/nofp/libg.a(lib_a-mprec.o)
                0x000000000800c3f0                __mprec_bigtens
 .rodata.__mprec_tens
                0x000000000800c418       0xc8 /usr/lib/gcc/arm-none-eabi/12.2.0/../../../../arm-none-eabi/lib/thumb/v7-m/nofp/libg.a(lib_a-mprec.o)
                0x000000000800c418                __mprec_tens
 .rodata.p05.0  0x000000000800c4e0        0xc /usr/lib/gcc/arm-none-eabi/12.2.0/../../../../arm-none-eabi/lib/thumb/v7-m/nofp/libg.a(lib_a-mprec.o)
 .rodata.__assert_func.str1.4
                0x000000000800c4ec       0x3f /usr/lib/gcc/arm-none-eabi/12.2.0/../../../../arm-none-eabi/lib/thumb/v7-m/nofp/libg.a(lib_a-assert.o)
                                         0x43 (size before relaxing)
 *fill*         0x000000000800c52b        0x1 
 .rodata._ctype_
                0x000000000800c52c      0x101 /usr/lib/gcc/arm-none-eabi/12.2.0/../../../../arm-none-eabi/lib/thumb/v7-m/nofp/libg.a(lib_a-ctype_.o)
                0x000000000800c52c                _ctype_
 .rodata._vfiprintf_r.str1.4
                0x000000000800c62d       0x2f /usr/lib/gcc/arm-none-eabi/12.2.0/../../../../arm-none-eabi/lib/thumb/v7-m/nofp/libg.a(lib_a-vfiprintf.o)
 *fill*         0x000000000800c62d        0x3 
 .rodata.blanks.1
                0x000000000800c630       0x10 /usr/lib/gcc/arm-none-eabi/12.2.0/../../../../arm-none-eabi/lib/thumb/v7-m/nofp/libg.a(lib_a-vfiprintf.o)
 .rodata.zeroes.0
                0x000000000800c640       0x10 /usr/lib/gcc/arm-none-eabi/12.2.0/../../../../arm-none-eabi/lib/thumb/v7-m/nofp/libg.a(lib_a-vfiprintf.o)
                0x000000000800c650                . = ALIGN (0x4)

.rel.dyn        0x000000000800c650        0x0
 .rel.iplt      0x000000000800c650        0x0 /usr/lib/gcc/arm-none-eabi/12.2.0/thumb/v7-m/nofp/crtbegin.o

.ARM.extab      0x000000000800c650        0x0
                0x000000000800c650                . = ALIGN (0x4)
 *(.ARM.extab* .gnu.linkonce.armextab.*)
                0x000000000800c650                . = ALIGN (0x4)

.ARM            0x000000000800c650        0x0
                0x000000000800c650                . = ALIGN (0x4)
                0x000000000800c650                __exidx_start = .
 *(.ARM.exidx*)
                0x000000000800c650                __exidx_end = .
                0x000000000800c650                . = ALIGN (0x4)

.preinit_array  0x000000000800c650        0x0
                0x000000000800c650                . = ALIGN (0x4)
                0x000000000800c650                PROVIDE (__preinit_array_start = .)
 *(.preinit_array*)
                0x000000000800c650                PROVIDE (__preinit_array_end = .)
                0x000000000800c650                . = ALIGN (0x4)

.init_array     0x000000000800c650        0x8
                0x000000000800c650                . = ALIGN (0x4)
                0x000000000800c650                PROVIDE (__init_array_start = .)
 *(SORT_BY_NAME(.init_array.*))
 .init_array.00000
                0x000000000800c650        0x4 /usr/lib/gcc/arm-none-eabi/12.2.0/../../../../arm-none-eabi/lib/thumb/v7-m/nofp/libg.a(lib_a-__call_atexit.o)
 *(.init_array*)
 .init_array    0x000000000800c654        0x4 /usr/lib/gcc/arm-none-eabi/12.2.0/thumb/v7-m/nofp/crtbegin.o
                0x000000000800c658                PROVIDE (__init_array_end = .)
                0x000000000800c658                . = ALIGN (0x4)

.fini_array     0x000000000800c658        0x4
                0x000000000800c658                . = ALIGN (0x4)
                0x000000000800c658                PROVIDE (__fini_array_start = .)
 *(SORT_BY_NAME(.fini_array.*))
 *(.fini_array*)
 .fini_array    0x000000000800c658        0x4 /usr/lib/gcc/arm-none-eabi/12.2.0/thumb/v7-m/nofp/crtbegin.o
                0x000000000800c65c                PROVIDE (__fini_array_end = .)
                0x000000000800c65c                . = ALIGN (0x4)
                0x000000000800c65c                _sidata = LOADADDR (.data)

.data           0x0000000020000000     0x16b0 load address 0x000000000800c65c
                0x0000000020000000                . = ALIGN (0x4)
                0x0000000020000000                _sdata = .
 *(.data)
 *(.data*)
 .data.TEMP_TABLE
                0x0000000020000000      0xb78 CMakeFiles/stm32_bat_ctrl.elf.dir/Core/Src/main.c.obj
                0x0000000020000000                TEMP_TABLE
 .data.BMS_REQUEST_DATA
                0x0000000020000b78        0xa CMakeFiles/stm32_bat_ctrl.elf.dir/Core/Src/main.c.obj
                0x0000000020000b78                BMS_REQUEST_DATA
 *fill*         0x0000000020000b82        0x2 
 .data.SystemCoreClock
                0x0000000020000b84        0x4 CMakeFiles/stm32_bat_ctrl.elf.dir/Core/Src/system_stm32f1xx.c.obj
                0x0000000020000b84                SystemCoreClock
 .data.uwTickFreq
                0x0000000020000b88        0x1 CMakeFiles/stm32_bat_ctrl.elf.dir/Drivers/STM32F1xx_HAL_Driver/Src/stm32f1xx_hal.c.obj
                0x0000000020000b88                uwTickFreq
 *fill*         0x0000000020000b89        0x3 
 .data.uwTickPrio
                0x0000000020000b8c        0x4 CMakeFiles/stm32_bat_ctrl.elf.dir/Drivers/STM32F1xx_HAL_Driver/Src/stm32f1xx_hal.c.obj
                0x0000000020000b8c                uwTickPrio
 .data.USBD_CDC_OtherSpeedCfgDesc
                0x0000000020000b90       0x43 CMakeFiles/stm32_bat_ctrl.elf.dir/Middlewares/ST/STM32_USB_Device_Library/Class/CDC/Src/usbd_cdc.c.obj
                0x0000000020000b90                USBD_CDC_OtherSpeedCfgDesc
 *fill*         0x0000000020000bd3        0x1 
 .data.USBD_CDC_CfgFSDesc
                0x0000000020000bd4       0x43 CMakeFiles/stm32_bat_ctrl.elf.dir/Middlewares/ST/STM32_USB_Device_Library/Class/CDC/Src/usbd_cdc.c.obj
                0x0000000020000bd4                USBD_CDC_CfgFSDesc
 *fill*         0x0000000020000c17        0x1 
 .data.USBD_CDC_CfgHSDesc
                0x0000000020000c18       0x43 CMakeFiles/stm32_bat_ctrl.elf.dir/Middlewares/ST/STM32_USB_Device_Library/Class/CDC/Src/usbd_cdc.c.obj
                0x0000000020000c18                USBD_CDC_CfgHSDesc
 *fill*         0x0000000020000c5b        0x1 
 .data.USBD_CDC
                0x0000000020000c5c       0x38 CMakeFiles/stm32_bat_ctrl.elf.dir/Middlewares/ST/STM32_USB_Device_Library/Class/CDC/Src/usbd_cdc.c.obj
                0x0000000020000c5c                USBD_CDC
 .data.USBD_CDC_DeviceQualifierDesc
                0x0000000020000c94        0xa CMakeFiles/stm32_bat_ctrl.elf.dir/Middlewares/ST/STM32_USB_Device_Library/Class/CDC/Src/usbd_cdc.c.obj
 *fill*         0x0000000020000c9e        0x2 
 .data.USBD_Interface_fops_FS
                0x0000000020000ca0       0x10 CMakeFiles/stm32_bat_ctrl.elf.dir/USB_DEVICE/App/usbd_cdc_if.c.obj
                0x0000000020000ca0                USBD_Interface_fops_FS
 .data.USBD_StringSerial
                0x0000000020000cb0       0x1a CMakeFiles/stm32_bat_ctrl.elf.dir/USB_DEVICE/App/usbd_desc.c.obj
                0x0000000020000cb0                USBD_StringSerial
 *fill*         0x0000000020000cca        0x2 
 .data.USBD_LangIDDesc
                0x0000000020000ccc        0x4 CMakeFiles/stm32_bat_ctrl.elf.dir/USB_DEVICE/App/usbd_desc.c.obj
                0x0000000020000ccc                USBD_LangIDDesc
 .data.USBD_FS_DeviceDesc
                0x0000000020000cd0       0x12 CMakeFiles/stm32_bat_ctrl.elf.dir/USB_DEVICE/App/usbd_desc.c.obj
                0x0000000020000cd0                USBD_FS_DeviceDesc
 *fill*         0x0000000020000ce2        0x2 
 .data.FS_Desc  0x0000000020000ce4       0x1c CMakeFiles/stm32_bat_ctrl.elf.dir/USB_DEVICE/App/usbd_desc.c.obj
                0x0000000020000ce4                FS_Desc
 .data._impure_ptr
                0x0000000020000d00        0x4 /usr/lib/gcc/arm-none-eabi/12.2.0/../../../../arm-none-eabi/lib/thumb/v7-m/nofp/libg.a(lib_a-impure.o)
                0x0000000020000d00                _impure_ptr
 *fill*         0x0000000020000d04        0x4 
 .data.impure_data
                0x0000000020000d08      0x428 /usr/lib/gcc/arm-none-eabi/12.2.0/../../../../arm-none-eabi/lib/thumb/v7-m/nofp/libg.a(lib_a-impure.o)
 .data.__atexit_recursive_mutex
                0x0000000020001130        0x4 /usr/lib/gcc/arm-none-eabi/12.2.0/../../../../arm-none-eabi/lib/thumb/v7-m/nofp/libg.a(lib_a-__call_atexit.o)
                0x0000000020001130                __atexit_recursive_mutex
 .data.__global_locale
                0x0000000020001134      0x16c /usr/lib/gcc/arm-none-eabi/12.2.0/../../../../arm-none-eabi/lib/thumb/v7-m/nofp/libg.a(lib_a-locale.o)
                0x0000000020001134                __global_locale
 .data.__malloc_av_
                0x00000000200012a0      0x408 /usr/lib/gcc/arm-none-eabi/12.2.0/../../../../arm-none-eabi/lib/thumb/v7-m/nofp/libg.a(lib_a-mallocr.o)
                0x00000000200012a0                __malloc_av_
 .data.__malloc_sbrk_base
                0x00000000200016a8        0x4 /usr/lib/gcc/arm-none-eabi/12.2.0/../../../../arm-none-eabi/lib/thumb/v7-m/nofp/libg.a(lib_a-mallocr.o)
                0x00000000200016a8                __malloc_sbrk_base
 .data.__malloc_trim_threshold
                0x00000000200016ac        0x4 /usr/lib/gcc/arm-none-eabi/12.2.0/../../../../arm-none-eabi/lib/thumb/v7-m/nofp/libg.a(lib_a-mallocr.o)
                0x00000000200016ac                __malloc_trim_threshold
 *(.RamFunc)
 *(.RamFunc*)
                0x00000000200016b0                . = ALIGN (0x4)
                0x00000000200016b0                _edata = .

.igot.plt       0x00000000200016b0        0x0 load address 0x000000000800dd0c
 .igot.plt      0x00000000200016b0        0x0 /usr/lib/gcc/arm-none-eabi/12.2.0/thumb/v7-m/nofp/crtbegin.o
                0x00000000200016b0                . = ALIGN (0x4)

.bss            0x00000000200016b0     0x15c4 load address 0x000000000800dd0c
                0x00000000200016b0                _sbss = .
                0x00000000200016b0                __bss_start__ = _sbss
 *(.bss)
 *(.bss*)
 .bss.completed.1
                0x00000000200016b0        0x1 /usr/lib/gcc/arm-none-eabi/12.2.0/thumb/v7-m/nofp/crtbegin.o
 *fill*         0x00000000200016b1        0x3 
 .bss.object.0  0x00000000200016b4       0x18 /usr/lib/gcc/arm-none-eabi/12.2.0/thumb/v7-m/nofp/crtbegin.o
 .bss.hdma_adc1
                0x00000000200016cc       0x44 CMakeFiles/stm32_bat_ctrl.elf.dir/Core/Src/adc.c.obj
                0x00000000200016cc                hdma_adc1
 .bss.hadc1     0x0000000020001710       0x30 CMakeFiles/stm32_bat_ctrl.elf.dir/Core/Src/adc.c.obj
                0x0000000020001710                hadc1